[2025-03-17 10:02:11] Check model.
[2025-03-17 10:02:11] Cell2Vec(
  (encoder): GraphSAGEEncoder(
    (conv): ModuleList(
      (0): SAGEConv(
        (feat_drop): Dropout(p=0.0, inplace=False)
        (fc_neigh): Linear(in_features=972, out_features=256, bias=False)
        (fc_self): Linear(in_features=972, out_features=256, bias=True)
      )
      (1): SAGEConv(
        (feat_drop): Dropout(p=0.0, inplace=False)
        (fc_neigh): Linear(in_features=256, out_features=128, bias=False)
        (fc_self): Linear(in_features=256, out_features=128, bias=True)
      )
    )
  )
  (embeddings): Embedding(39, 256)
  (projector): Sequential(
    (0): Linear(in_features=128, out_features=256, bias=True)
    (1): Dropout(p=0.5, inplace=False)
  )
)
[2025-03-17 10:02:11] Start training.
[2025-03-17 10:06:41] Epoch=0001 Loss=3.7405
[2025-03-17 10:10:53] Epoch=0002 Loss=1.1683
[2025-03-17 10:15:00] Epoch=0003 Loss=0.6695
[2025-03-17 10:19:19] Epoch=0004 Loss=0.5114
[2025-03-17 10:23:34] Epoch=0005 Loss=0.3943
[2025-03-17 10:27:39] Epoch=0006 Loss=0.2967
[2025-03-17 10:32:00] Epoch=0007 Loss=0.2118
[2025-03-17 10:36:21] Epoch=0008 Loss=0.1571
[2025-03-17 10:40:17] Epoch=0009 Loss=0.1283
[2025-03-17 10:44:18] Epoch=0010 Loss=0.1153
[2025-03-17 10:48:29] Epoch=0011 Loss=0.1169
[2025-03-17 10:52:36] Epoch=0012 Loss=0.1262
[2025-03-17 10:56:48] Epoch=0013 Loss=0.1163
[2025-03-17 11:00:58] Epoch=0014 Loss=0.0940
[2025-03-17 11:05:16] Epoch=0015 Loss=0.0845
[2025-03-17 11:08:54] Epoch=0016 Loss=0.0754
[2025-03-17 11:10:35] Epoch=0017 Loss=0.0729
[2025-03-17 11:12:13] Epoch=0018 Loss=0.0653
[2025-03-17 11:13:33] Epoch=0019 Loss=0.0620
[2025-03-17 11:15:04] Epoch=0020 Loss=0.0611
[2025-03-17 11:16:27] Epoch=0021 Loss=0.0613
[2025-03-17 11:17:51] Epoch=0022 Loss=0.0625
[2025-03-17 11:19:09] Epoch=0023 Loss=0.0619
[2025-03-17 11:20:32] Epoch=0024 Loss=0.0610
[2025-03-17 11:21:53] Epoch=0025 Loss=0.0633
[2025-03-17 11:23:11] Epoch=0026 Loss=0.0670
[2025-03-17 11:24:37] Epoch=0027 Loss=0.0709
[2025-03-17 11:25:58] Epoch=0028 Loss=0.0869
[2025-03-17 11:27:17] Epoch=0029 Loss=0.0865
[2025-03-17 11:28:38] Epoch=0030 Loss=0.0938
[2025-03-17 11:29:58] Epoch=0031 Loss=0.0837
[2025-03-17 11:31:16] Epoch=0032 Loss=0.0775
[2025-03-17 11:32:34] Epoch=0033 Loss=0.0741
[2025-03-17 11:33:50] Epoch=0034 Loss=0.0715
[2025-03-17 11:35:10] Epoch=0035 Loss=0.0670
[2025-03-17 11:36:28] Epoch=0036 Loss=0.0647
[2025-03-17 11:37:55] Epoch=0037 Loss=0.0644
[2025-03-17 11:39:22] Epoch=0038 Loss=0.0670
[2025-03-17 11:40:51] Epoch=0039 Loss=0.0674
[2025-03-17 11:42:15] Epoch=0040 Loss=0.0646
[2025-03-17 11:43:39] Epoch=0041 Loss=0.0650
[2025-03-17 11:45:06] Epoch=0042 Loss=0.0655
[2025-03-17 11:46:27] Epoch=0043 Loss=0.0680
[2025-03-17 11:47:46] Epoch=0044 Loss=0.0741
[2025-03-17 11:49:06] Epoch=0045 Loss=0.0794
[2025-03-17 11:50:31] Epoch=0046 Loss=0.0826
[2025-03-17 11:51:53] Epoch=0047 Loss=0.0844
[2025-03-17 11:53:20] Epoch=0048 Loss=0.0772
[2025-03-17 11:54:44] Epoch=0049 Loss=0.0775
[2025-03-17 11:56:07] Epoch=0050 Loss=0.0751
[2025-03-17 11:57:26] Epoch=0051 Loss=0.0780
[2025-03-17 11:58:45] Epoch=0052 Loss=0.0737
[2025-03-17 12:00:05] Epoch=0053 Loss=0.0684
[2025-03-17 12:01:29] Epoch=0054 Loss=0.0691
[2025-03-17 12:02:53] Epoch=0055 Loss=0.0685
[2025-03-17 12:04:15] Epoch=0056 Loss=0.0644
[2025-03-17 12:05:42] Epoch=0057 Loss=0.0654
[2025-03-17 12:07:03] Epoch=0058 Loss=0.0603
[2025-03-17 12:08:22] Epoch=0059 Loss=0.0561
[2025-03-17 12:09:49] Epoch=0060 Loss=0.0586
[2025-03-17 12:11:05] Epoch=0061 Loss=0.0598
[2025-03-17 12:12:28] Epoch=0062 Loss=0.0618
[2025-03-17 12:13:45] Epoch=0063 Loss=0.0628
[2025-03-17 12:15:07] Epoch=0064 Loss=0.0627
[2025-03-17 12:16:34] Epoch=0065 Loss=0.0617
[2025-03-17 12:17:54] Epoch=0066 Loss=0.0598
[2025-03-17 12:19:13] Epoch=0067 Loss=0.0618
[2025-03-17 12:20:40] Epoch=0068 Loss=0.0655
[2025-03-17 12:22:01] Epoch=0069 Loss=0.0731
[2025-03-17 12:23:25] Epoch=0070 Loss=0.0803
[2025-03-17 12:24:49] Epoch=0071 Loss=0.0861
[2025-03-17 12:26:12] Epoch=0072 Loss=0.0814
[2025-03-17 12:27:35] Epoch=0073 Loss=0.0853
[2025-03-17 12:28:54] Epoch=0074 Loss=0.0800
[2025-03-17 12:30:17] Epoch=0075 Loss=0.0764
[2025-03-17 12:31:44] Epoch=0076 Loss=0.0691
[2025-03-17 12:33:03] Epoch=0077 Loss=0.0641
[2025-03-17 12:34:27] Epoch=0078 Loss=0.0589
[2025-03-17 12:35:53] Epoch=0079 Loss=0.0562
[2025-03-17 12:37:12] Epoch=0080 Loss=0.0534
[2025-03-17 12:38:34] Epoch=0081 Loss=0.0519
[2025-03-17 12:40:03] Epoch=0082 Loss=0.0520
[2025-03-17 12:41:27] Epoch=0083 Loss=0.0523
[2025-03-17 12:42:50] Epoch=0084 Loss=0.0533
[2025-03-17 12:44:11] Epoch=0085 Loss=0.0551
[2025-03-17 12:45:32] Epoch=0086 Loss=0.0554
[2025-03-17 12:46:56] Epoch=0087 Loss=0.0568
[2025-03-17 12:48:15] Epoch=0088 Loss=0.0592
[2025-03-17 12:49:36] Epoch=0089 Loss=0.0599
[2025-03-17 12:50:58] Epoch=0090 Loss=0.0594
[2025-03-17 12:52:22] Epoch=0091 Loss=0.0667
[2025-03-17 12:53:40] Epoch=0092 Loss=0.0690
[2025-03-17 12:55:04] Epoch=0093 Loss=0.0731
[2025-03-17 12:56:27] Epoch=0094 Loss=0.0728
[2025-03-17 12:57:49] Epoch=0095 Loss=0.0739
[2025-03-17 12:59:08] Epoch=0096 Loss=0.0716
[2025-03-17 13:00:28] Epoch=0097 Loss=0.0689
[2025-03-17 13:01:43] Epoch=0098 Loss=0.0668
[2025-03-17 13:03:02] Epoch=0099 Loss=0.0638
[2025-03-17 13:04:14] Epoch=0100 Loss=0.0627
[2025-03-17 13:05:37] Epoch=0101 Loss=0.0645
[2025-03-17 13:06:58] Epoch=0102 Loss=0.0676
[2025-03-17 13:08:19] Epoch=0103 Loss=0.0705
[2025-03-17 13:09:44] Epoch=0104 Loss=0.0668
[2025-03-17 13:10:57] Epoch=0105 Loss=0.0681
[2025-03-17 13:12:15] Epoch=0106 Loss=0.0684
[2025-03-17 13:13:27] Epoch=0107 Loss=0.0672
[2025-03-17 13:14:51] Epoch=0108 Loss=0.0653
[2025-03-17 13:16:10] Epoch=0109 Loss=0.0611
[2025-03-17 13:17:29] Epoch=0110 Loss=0.0580
[2025-03-17 13:18:55] Epoch=0111 Loss=0.0566
[2025-03-17 13:20:15] Epoch=0112 Loss=0.0572
[2025-03-17 13:21:34] Epoch=0113 Loss=0.0594
[2025-03-17 13:22:58] Epoch=0114 Loss=0.0600
[2025-03-17 13:24:19] Epoch=0115 Loss=0.0606
[2025-03-17 13:25:42] Epoch=0116 Loss=0.0615
[2025-03-17 13:27:05] Epoch=0117 Loss=0.0606
[2025-03-17 13:28:24] Epoch=0118 Loss=0.0650
[2025-03-17 13:29:44] Epoch=0119 Loss=0.0723
[2025-03-17 13:31:12] Epoch=0120 Loss=0.0689
[2025-03-17 13:32:44] Epoch=0121 Loss=0.0693
[2025-03-17 13:34:03] Epoch=0122 Loss=0.0666
[2025-03-17 13:35:24] Epoch=0123 Loss=0.0650
[2025-03-17 13:36:46] Epoch=0124 Loss=0.0607
[2025-03-17 13:38:04] Epoch=0125 Loss=0.0585
[2025-03-17 13:39:28] Epoch=0126 Loss=0.0590
[2025-03-17 13:40:48] Epoch=0127 Loss=0.0622
[2025-03-17 13:42:06] Epoch=0128 Loss=0.0601
[2025-03-17 13:43:32] Epoch=0129 Loss=0.0576
[2025-03-17 13:44:55] Epoch=0130 Loss=0.0582
[2025-03-17 13:46:15] Epoch=0131 Loss=0.0556
[2025-03-17 13:46:15] Training completed.
[2025-03-17 13:46:15] Min train loss: 0.0519 | Epoch: 0080
[2025-03-17 13:46:15] Save to /public/home/Yule1/Desktop/DeepLearning/PPI/cell/data/mdl_mut_128x256_2503171002
[2025-03-17 13:46:16] Save train loss curve to /public/home/Yule1/Desktop/DeepLearning/PPI/cell/data/mdl_mut_128x256_2503171002/loss.pkl
[2025-03-17 13:46:16] Save /public/home/Yule1/Desktop/DeepLearning/PPI/cell/data/mdl_mut_128x256_2503171002/GraphSAGEembeddings.npy
