[2025-03-16 21:08:55] Check model.
[2025-03-16 21:08:55] Cell2Vec(
  (encoder): GCNEncoder(
    (conv): ModuleList(
      (0): GraphConv(in=972, out=256, normalization=both, activation=None)
      (1): GraphConv(in=256, out=128, normalization=both, activation=None)
    )
  )
  (embeddings): Embedding(39, 256)
  (projector): Sequential(
    (0): Linear(in_features=128, out_features=256, bias=True)
    (1): Dropout(p=0.5, inplace=False)
  )
)
[2025-03-16 21:08:55] Start training.
[2025-03-16 21:11:24] Epoch=0001 Loss=1.3343
[2025-03-16 21:13:47] Epoch=0002 Loss=0.5631
[2025-03-16 21:16:13] Epoch=0003 Loss=0.3691
[2025-03-16 21:18:36] Epoch=0004 Loss=0.2250
[2025-03-16 21:21:02] Epoch=0005 Loss=0.2149
[2025-03-16 21:23:22] Epoch=0006 Loss=0.2192
[2025-03-16 21:25:45] Epoch=0007 Loss=0.1876
[2025-03-16 21:28:06] Epoch=0008 Loss=0.1182
[2025-03-16 21:30:25] Epoch=0009 Loss=0.1223
[2025-03-16 21:32:47] Epoch=0010 Loss=0.1156
[2025-03-16 21:35:13] Epoch=0011 Loss=0.0861
[2025-03-16 21:37:33] Epoch=0012 Loss=0.0797
[2025-03-16 21:39:51] Epoch=0013 Loss=0.0825
[2025-03-16 21:42:11] Epoch=0014 Loss=0.0762
[2025-03-16 21:44:33] Epoch=0015 Loss=0.0769
[2025-03-16 21:46:54] Epoch=0016 Loss=0.0783
[2025-03-16 21:49:20] Epoch=0017 Loss=0.0806
[2025-03-16 21:51:41] Epoch=0018 Loss=0.0803
[2025-03-16 21:54:03] Epoch=0019 Loss=0.0834
[2025-03-16 21:56:23] Epoch=0020 Loss=0.0775
[2025-03-16 21:58:46] Epoch=0021 Loss=0.0822
[2025-03-16 22:01:08] Epoch=0022 Loss=0.0824
[2025-03-16 22:03:28] Epoch=0023 Loss=0.0801
[2025-03-16 22:05:49] Epoch=0024 Loss=0.0827
[2025-03-16 22:08:10] Epoch=0025 Loss=0.0786
[2025-03-16 22:10:29] Epoch=0026 Loss=0.0852
[2025-03-16 22:12:53] Epoch=0027 Loss=0.0878
[2025-03-16 22:15:10] Epoch=0028 Loss=0.0822
[2025-03-16 22:17:41] Epoch=0029 Loss=0.0869
[2025-03-16 22:20:04] Epoch=0030 Loss=0.0891
[2025-03-16 22:22:25] Epoch=0031 Loss=0.1002
[2025-03-16 22:24:46] Epoch=0032 Loss=0.1013
[2025-03-16 22:27:06] Epoch=0033 Loss=0.0830
[2025-03-16 22:29:26] Epoch=0034 Loss=0.0788
[2025-03-16 22:31:52] Epoch=0035 Loss=0.0704
[2025-03-16 22:34:18] Epoch=0036 Loss=0.0665
[2025-03-16 22:36:40] Epoch=0037 Loss=0.0677
[2025-03-16 22:39:04] Epoch=0038 Loss=0.0664
[2025-03-16 22:41:21] Epoch=0039 Loss=0.0662
[2025-03-16 22:43:42] Epoch=0040 Loss=0.0678
[2025-03-16 22:45:59] Epoch=0041 Loss=0.0698
[2025-03-16 22:48:19] Epoch=0042 Loss=0.0736
[2025-03-16 22:50:40] Epoch=0043 Loss=0.0699
[2025-03-16 22:53:01] Epoch=0044 Loss=0.0663
[2025-03-16 22:55:19] Epoch=0045 Loss=0.0653
[2025-03-16 22:57:40] Epoch=0046 Loss=0.0650
[2025-03-16 23:00:01] Epoch=0047 Loss=0.0709
[2025-03-16 23:02:25] Epoch=0048 Loss=0.0698
[2025-03-16 23:04:41] Epoch=0049 Loss=0.0639
[2025-03-16 23:07:00] Epoch=0050 Loss=0.0621
[2025-03-16 23:09:23] Epoch=0051 Loss=0.0611
[2025-03-16 23:11:42] Epoch=0052 Loss=0.0636
[2025-03-16 23:14:01] Epoch=0053 Loss=0.0663
[2025-03-16 23:16:23] Epoch=0054 Loss=0.0630
[2025-03-16 23:18:48] Epoch=0055 Loss=0.0676
[2025-03-16 23:21:10] Epoch=0056 Loss=0.0746
[2025-03-16 23:23:33] Epoch=0057 Loss=0.0849
[2025-03-16 23:25:51] Epoch=0058 Loss=0.0895
[2025-03-16 23:28:12] Epoch=0059 Loss=0.0786
[2025-03-16 23:30:29] Epoch=0060 Loss=0.0792
[2025-03-16 23:32:47] Epoch=0061 Loss=0.0740
[2025-03-16 23:35:09] Epoch=0062 Loss=0.0668
[2025-03-16 23:37:32] Epoch=0063 Loss=0.0681
[2025-03-16 23:39:56] Epoch=0064 Loss=0.0687
[2025-03-16 23:42:13] Epoch=0065 Loss=0.0662
[2025-03-16 23:44:36] Epoch=0066 Loss=0.0604
[2025-03-16 23:46:55] Epoch=0067 Loss=0.0612
[2025-03-16 23:49:19] Epoch=0068 Loss=0.0626
[2025-03-16 23:51:46] Epoch=0069 Loss=0.0581
[2025-03-16 23:54:06] Epoch=0070 Loss=0.0580
[2025-03-16 23:56:25] Epoch=0071 Loss=0.0584
[2025-03-16 23:58:51] Epoch=0072 Loss=0.0591
[2025-03-17 00:01:09] Epoch=0073 Loss=0.0595
[2025-03-17 00:03:31] Epoch=0074 Loss=0.0605
[2025-03-17 00:05:52] Epoch=0075 Loss=0.0623
[2025-03-17 00:08:15] Epoch=0076 Loss=0.0620
[2025-03-17 00:10:39] Epoch=0077 Loss=0.0641
[2025-03-17 00:12:58] Epoch=0078 Loss=0.0668
[2025-03-17 00:15:20] Epoch=0079 Loss=0.0687
[2025-03-17 00:17:41] Epoch=0080 Loss=0.0687
[2025-03-17 00:20:06] Epoch=0081 Loss=0.0682
[2025-03-17 00:22:24] Epoch=0082 Loss=0.0701
[2025-03-17 00:24:41] Epoch=0083 Loss=0.0686
[2025-03-17 00:27:01] Epoch=0084 Loss=0.0620
[2025-03-17 00:29:21] Epoch=0085 Loss=0.0581
[2025-03-17 00:31:40] Epoch=0086 Loss=0.0624
[2025-03-17 00:33:59] Epoch=0087 Loss=0.0593
[2025-03-17 00:36:19] Epoch=0088 Loss=0.0592
[2025-03-17 00:38:43] Epoch=0089 Loss=0.0591
[2025-03-17 00:40:58] Epoch=0090 Loss=0.0596
[2025-03-17 00:43:20] Epoch=0091 Loss=0.0605
[2025-03-17 00:45:43] Epoch=0092 Loss=0.0618
[2025-03-17 00:48:06] Epoch=0093 Loss=0.0630
[2025-03-17 00:50:24] Epoch=0094 Loss=0.0668
[2025-03-17 00:52:45] Epoch=0095 Loss=0.0671
[2025-03-17 00:55:10] Epoch=0096 Loss=0.0671
[2025-03-17 00:57:27] Epoch=0097 Loss=0.0637
[2025-03-17 00:59:49] Epoch=0098 Loss=0.0621
[2025-03-17 01:02:13] Epoch=0099 Loss=0.0589
[2025-03-17 01:04:39] Epoch=0100 Loss=0.0581
[2025-03-17 01:06:55] Epoch=0101 Loss=0.0594
[2025-03-17 01:09:14] Epoch=0102 Loss=0.0607
[2025-03-17 01:11:38] Epoch=0103 Loss=0.0614
[2025-03-17 01:14:06] Epoch=0104 Loss=0.0585
[2025-03-17 01:16:26] Epoch=0105 Loss=0.0590
[2025-03-17 01:18:41] Epoch=0106 Loss=0.0571
[2025-03-17 01:21:05] Epoch=0107 Loss=0.0595
[2025-03-17 01:23:30] Epoch=0108 Loss=0.0625
[2025-03-17 01:25:59] Epoch=0109 Loss=0.0646
[2025-03-17 01:28:18] Epoch=0110 Loss=0.0628
[2025-03-17 01:30:38] Epoch=0111 Loss=0.0620
[2025-03-17 01:32:54] Epoch=0112 Loss=0.0579
[2025-03-17 01:35:14] Epoch=0113 Loss=0.0571
[2025-03-17 01:37:40] Epoch=0114 Loss=0.0582
[2025-03-17 01:40:04] Epoch=0115 Loss=0.0585
[2025-03-17 01:42:27] Epoch=0116 Loss=0.0581
[2025-03-17 01:44:52] Epoch=0117 Loss=0.0573
[2025-03-17 01:47:17] Epoch=0118 Loss=0.0552
[2025-03-17 01:49:35] Epoch=0119 Loss=0.0543
[2025-03-17 01:51:57] Epoch=0120 Loss=0.0548
[2025-03-17 01:54:18] Epoch=0121 Loss=0.0563
[2025-03-17 01:56:40] Epoch=0122 Loss=0.0546
[2025-03-17 01:59:01] Epoch=0123 Loss=0.0556
[2025-03-17 02:01:22] Epoch=0124 Loss=0.0553
[2025-03-17 02:03:45] Epoch=0125 Loss=0.0581
[2025-03-17 02:06:08] Epoch=0126 Loss=0.0589
[2025-03-17 02:08:28] Epoch=0127 Loss=0.0624
[2025-03-17 02:10:55] Epoch=0128 Loss=0.0609
[2025-03-17 02:13:20] Epoch=0129 Loss=0.0605
[2025-03-17 02:15:39] Epoch=0130 Loss=0.0613
[2025-03-17 02:17:59] Epoch=0131 Loss=0.0622
[2025-03-17 02:20:19] Epoch=0132 Loss=0.0659
[2025-03-17 02:22:38] Epoch=0133 Loss=0.0675
[2025-03-17 02:24:59] Epoch=0134 Loss=0.0667
[2025-03-17 02:27:15] Epoch=0135 Loss=0.0652
[2025-03-17 02:29:39] Epoch=0136 Loss=0.0599
[2025-03-17 02:31:58] Epoch=0137 Loss=0.0552
[2025-03-17 02:34:21] Epoch=0138 Loss=0.0533
[2025-03-17 02:36:46] Epoch=0139 Loss=0.0530
[2025-03-17 02:39:11] Epoch=0140 Loss=0.0530
[2025-03-17 02:41:35] Epoch=0141 Loss=0.0506
[2025-03-17 02:43:56] Epoch=0142 Loss=0.0494
[2025-03-17 02:46:21] Epoch=0143 Loss=0.0489
[2025-03-17 02:48:43] Epoch=0144 Loss=0.0503
[2025-03-17 02:51:02] Epoch=0145 Loss=0.0487
[2025-03-17 02:53:24] Epoch=0146 Loss=0.0492
[2025-03-17 02:55:42] Epoch=0147 Loss=0.0486
[2025-03-17 02:58:07] Epoch=0148 Loss=0.0495
[2025-03-17 03:00:28] Epoch=0149 Loss=0.0494
[2025-03-17 03:02:50] Epoch=0150 Loss=0.0488
[2025-03-17 03:05:17] Epoch=0151 Loss=0.0499
[2025-03-17 03:07:43] Epoch=0152 Loss=0.0530
[2025-03-17 03:10:02] Epoch=0153 Loss=0.0587
[2025-03-17 03:12:16] Epoch=0154 Loss=0.0623
[2025-03-17 03:13:49] Epoch=0155 Loss=0.0635
[2025-03-17 03:15:16] Epoch=0156 Loss=0.0614
[2025-03-17 03:16:40] Epoch=0157 Loss=0.0619
[2025-03-17 03:18:04] Epoch=0158 Loss=0.0611
[2025-03-17 03:19:36] Epoch=0159 Loss=0.0607
[2025-03-17 03:21:02] Epoch=0160 Loss=0.0615
[2025-03-17 03:22:30] Epoch=0161 Loss=0.0591
[2025-03-17 03:24:01] Epoch=0162 Loss=0.0572
[2025-03-17 03:25:36] Epoch=0163 Loss=0.0550
[2025-03-17 03:27:00] Epoch=0164 Loss=0.0525
[2025-03-17 03:28:26] Epoch=0165 Loss=0.0513
[2025-03-17 03:29:52] Epoch=0166 Loss=0.0502
[2025-03-17 03:31:16] Epoch=0167 Loss=0.0504
[2025-03-17 03:32:48] Epoch=0168 Loss=0.0499
[2025-03-17 03:34:15] Epoch=0169 Loss=0.0515
[2025-03-17 03:35:48] Epoch=0170 Loss=0.0530
[2025-03-17 03:37:11] Epoch=0171 Loss=0.0538
[2025-03-17 03:38:37] Epoch=0172 Loss=0.0525
[2025-03-17 03:39:56] Epoch=0173 Loss=0.0551
[2025-03-17 03:41:23] Epoch=0174 Loss=0.0573
[2025-03-17 03:42:46] Epoch=0175 Loss=0.0577
[2025-03-17 03:44:09] Epoch=0176 Loss=0.0521
[2025-03-17 03:45:35] Epoch=0177 Loss=0.0498
[2025-03-17 03:46:54] Epoch=0178 Loss=0.0487
[2025-03-17 03:48:25] Epoch=0179 Loss=0.0485
[2025-03-17 03:49:57] Epoch=0180 Loss=0.0477
[2025-03-17 03:51:22] Epoch=0181 Loss=0.0473
[2025-03-17 03:52:57] Epoch=0182 Loss=0.0474
[2025-03-17 03:54:29] Epoch=0183 Loss=0.0468
[2025-03-17 03:55:57] Epoch=0184 Loss=0.0469
[2025-03-17 03:57:27] Epoch=0185 Loss=0.0469
[2025-03-17 03:58:48] Epoch=0186 Loss=0.0469
[2025-03-17 04:00:09] Epoch=0187 Loss=0.0469
[2025-03-17 04:01:34] Epoch=0188 Loss=0.0470
[2025-03-17 04:03:03] Epoch=0189 Loss=0.0483
[2025-03-17 04:04:30] Epoch=0190 Loss=0.0491
[2025-03-17 04:05:56] Epoch=0191 Loss=0.0509
[2025-03-17 04:07:23] Epoch=0192 Loss=0.0515
[2025-03-17 04:08:46] Epoch=0193 Loss=0.0529
[2025-03-17 04:10:16] Epoch=0194 Loss=0.0530
[2025-03-17 04:11:44] Epoch=0195 Loss=0.0525
[2025-03-17 04:13:15] Epoch=0196 Loss=0.0529
[2025-03-17 04:14:40] Epoch=0197 Loss=0.0525
[2025-03-17 04:16:01] Epoch=0198 Loss=0.0556
[2025-03-17 04:17:29] Epoch=0199 Loss=0.0559
[2025-03-17 04:18:50] Epoch=0200 Loss=0.0561
[2025-03-17 04:20:17] Epoch=0201 Loss=0.0533
[2025-03-17 04:21:43] Epoch=0202 Loss=0.0526
[2025-03-17 04:23:06] Epoch=0203 Loss=0.0515
[2025-03-17 04:24:32] Epoch=0204 Loss=0.0503
[2025-03-17 04:26:02] Epoch=0205 Loss=0.0489
[2025-03-17 04:27:30] Epoch=0206 Loss=0.0480
[2025-03-17 04:28:55] Epoch=0207 Loss=0.0483
[2025-03-17 04:30:21] Epoch=0208 Loss=0.0478
[2025-03-17 04:31:50] Epoch=0209 Loss=0.0464
[2025-03-17 04:33:17] Epoch=0210 Loss=0.0471
[2025-03-17 04:34:48] Epoch=0211 Loss=0.0469
[2025-03-17 04:36:13] Epoch=0212 Loss=0.0479
[2025-03-17 04:37:42] Epoch=0213 Loss=0.0487
[2025-03-17 04:39:09] Epoch=0214 Loss=0.0490
[2025-03-17 04:40:37] Epoch=0215 Loss=0.0505
[2025-03-17 04:42:04] Epoch=0216 Loss=0.0525
[2025-03-17 04:43:32] Epoch=0217 Loss=0.0539
[2025-03-17 04:44:57] Epoch=0218 Loss=0.0543
[2025-03-17 04:46:16] Epoch=0219 Loss=0.0521
[2025-03-17 04:47:47] Epoch=0220 Loss=0.0521
[2025-03-17 04:49:12] Epoch=0221 Loss=0.0515
[2025-03-17 04:50:42] Epoch=0222 Loss=0.0496
[2025-03-17 04:52:09] Epoch=0223 Loss=0.0486
[2025-03-17 04:53:36] Epoch=0224 Loss=0.0488
[2025-03-17 04:55:04] Epoch=0225 Loss=0.0477
[2025-03-17 04:56:32] Epoch=0226 Loss=0.0468
[2025-03-17 04:57:58] Epoch=0227 Loss=0.0463
[2025-03-17 04:59:30] Epoch=0228 Loss=0.0470
[2025-03-17 05:00:54] Epoch=0229 Loss=0.0461
[2025-03-17 05:02:27] Epoch=0230 Loss=0.0466
[2025-03-17 05:03:54] Epoch=0231 Loss=0.0463
[2025-03-17 05:05:21] Epoch=0232 Loss=0.0465
[2025-03-17 05:06:51] Epoch=0233 Loss=0.0481
[2025-03-17 05:08:17] Epoch=0234 Loss=0.0517
[2025-03-17 05:09:42] Epoch=0235 Loss=0.0483
[2025-03-17 05:11:08] Epoch=0236 Loss=0.0460
[2025-03-17 05:12:32] Epoch=0237 Loss=0.0477
[2025-03-17 05:13:55] Epoch=0238 Loss=0.0462
[2025-03-17 05:15:20] Epoch=0239 Loss=0.0459
[2025-03-17 05:16:43] Epoch=0240 Loss=0.0459
[2025-03-17 05:18:05] Epoch=0241 Loss=0.0457
[2025-03-17 05:19:31] Epoch=0242 Loss=0.0468
[2025-03-17 05:20:59] Epoch=0243 Loss=0.0470
[2025-03-17 05:22:21] Epoch=0244 Loss=0.0472
[2025-03-17 05:23:44] Epoch=0245 Loss=0.0468
[2025-03-17 05:25:10] Epoch=0246 Loss=0.0471
[2025-03-17 05:26:35] Epoch=0247 Loss=0.0456
[2025-03-17 05:28:05] Epoch=0248 Loss=0.0456
[2025-03-17 05:29:36] Epoch=0249 Loss=0.0469
[2025-03-17 05:31:01] Epoch=0250 Loss=0.0463
[2025-03-17 05:32:33] Epoch=0251 Loss=0.0459
[2025-03-17 05:33:56] Epoch=0252 Loss=0.0470
[2025-03-17 05:35:19] Epoch=0253 Loss=0.0479
[2025-03-17 05:36:36] Epoch=0254 Loss=0.0491
[2025-03-17 05:37:59] Epoch=0255 Loss=0.0510
[2025-03-17 05:39:31] Epoch=0256 Loss=0.0532
[2025-03-17 05:40:57] Epoch=0257 Loss=0.0515
[2025-03-17 05:42:20] Epoch=0258 Loss=0.0473
[2025-03-17 05:43:51] Epoch=0259 Loss=0.0466
[2025-03-17 05:45:19] Epoch=0260 Loss=0.0465
[2025-03-17 05:46:52] Epoch=0261 Loss=0.0456
[2025-03-17 05:47:35] Epoch=0262 Loss=0.0446
[2025-03-17 05:47:55] Epoch=0263 Loss=0.0443
[2025-03-17 05:48:37] Epoch=0264 Loss=0.0448
[2025-03-17 05:48:46] Epoch=0265 Loss=0.0475
[2025-03-17 05:49:35] Epoch=0266 Loss=0.0687
[2025-03-17 05:49:52] Epoch=0267 Loss=0.1038
[2025-03-17 05:50:02] Epoch=0268 Loss=0.0897
[2025-03-17 05:50:11] Epoch=0269 Loss=0.0594
[2025-03-17 05:50:35] Epoch=0270 Loss=0.0504
[2025-03-17 05:51:03] Epoch=0271 Loss=0.0476
[2025-03-17 05:51:17] Epoch=0272 Loss=0.0460
[2025-03-17 05:51:35] Epoch=0273 Loss=0.0452
[2025-03-17 05:51:56] Epoch=0274 Loss=0.0446
[2025-03-17 05:52:54] Epoch=0275 Loss=0.0444
[2025-03-17 05:53:05] Epoch=0276 Loss=0.0442
[2025-03-17 05:53:59] Epoch=0277 Loss=0.0449
[2025-03-17 05:54:08] Epoch=0278 Loss=0.0445
[2025-03-17 05:54:40] Epoch=0279 Loss=0.0449
[2025-03-17 05:54:58] Epoch=0280 Loss=0.0454
[2025-03-17 05:55:10] Epoch=0281 Loss=0.0452
[2025-03-17 05:55:59] Epoch=0282 Loss=0.0448
[2025-03-17 05:56:28] Epoch=0283 Loss=0.0446
[2025-03-17 05:57:05] Epoch=0284 Loss=0.0441
[2025-03-17 05:57:11] Epoch=0285 Loss=0.0438
[2025-03-17 05:57:25] Epoch=0286 Loss=0.0446
[2025-03-17 05:58:13] Epoch=0287 Loss=0.0447
[2025-03-17 05:58:39] Epoch=0288 Loss=0.0445
[2025-03-17 05:58:48] Epoch=0289 Loss=0.0455
[2025-03-17 05:58:56] Epoch=0290 Loss=0.0453
[2025-03-17 05:59:14] Epoch=0291 Loss=0.0456
[2025-03-17 05:59:36] Epoch=0292 Loss=0.0456
[2025-03-17 05:59:50] Epoch=0293 Loss=0.0477
[2025-03-17 06:00:12] Epoch=0294 Loss=0.0460
[2025-03-17 06:00:30] Epoch=0295 Loss=0.0465
[2025-03-17 06:01:09] Epoch=0296 Loss=0.0496
[2025-03-17 06:01:16] Epoch=0297 Loss=0.0525
[2025-03-17 06:01:39] Epoch=0298 Loss=0.0487
[2025-03-17 06:02:00] Epoch=0299 Loss=0.0466
[2025-03-17 06:02:22] Epoch=0300 Loss=0.0453
[2025-03-17 06:03:04] Epoch=0301 Loss=0.0448
[2025-03-17 06:04:02] Epoch=0302 Loss=0.0451
[2025-03-17 06:04:25] Epoch=0303 Loss=0.0446
[2025-03-17 06:05:07] Epoch=0304 Loss=0.0446
[2025-03-17 06:05:33] Epoch=0305 Loss=0.0452
[2025-03-17 06:05:49] Epoch=0306 Loss=0.0445
[2025-03-17 06:06:07] Epoch=0307 Loss=0.0450
[2025-03-17 06:06:52] Epoch=0308 Loss=0.0481
[2025-03-17 06:07:26] Epoch=0309 Loss=0.0554
[2025-03-17 06:07:43] Epoch=0310 Loss=0.0534
[2025-03-17 06:07:55] Epoch=0311 Loss=0.0495
[2025-03-17 06:08:33] Epoch=0312 Loss=0.0463
[2025-03-17 06:08:47] Epoch=0313 Loss=0.0451
[2025-03-17 06:09:16] Epoch=0314 Loss=0.0452
[2025-03-17 06:10:00] Epoch=0315 Loss=0.0459
[2025-03-17 06:10:23] Epoch=0316 Loss=0.0451
[2025-03-17 06:10:48] Epoch=0317 Loss=0.0454
[2025-03-17 06:11:19] Epoch=0318 Loss=0.0446
[2025-03-17 06:11:39] Epoch=0319 Loss=0.0453
[2025-03-17 06:11:59] Epoch=0320 Loss=0.0478
[2025-03-17 06:12:32] Epoch=0321 Loss=0.0494
[2025-03-17 06:12:56] Epoch=0322 Loss=0.0483
[2025-03-17 06:13:24] Epoch=0323 Loss=0.0468
[2025-03-17 06:13:41] Epoch=0324 Loss=0.0477
[2025-03-17 06:14:21] Epoch=0325 Loss=0.0480
[2025-03-17 06:15:13] Epoch=0326 Loss=0.0468
[2025-03-17 06:15:44] Epoch=0327 Loss=0.0456
[2025-03-17 06:16:31] Epoch=0328 Loss=0.0459
[2025-03-17 06:16:52] Epoch=0329 Loss=0.0445
[2025-03-17 06:17:35] Epoch=0330 Loss=0.0448
[2025-03-17 06:18:03] Epoch=0331 Loss=0.0453
[2025-03-17 06:18:22] Epoch=0332 Loss=0.0451
[2025-03-17 06:18:55] Epoch=0333 Loss=0.0442
[2025-03-17 06:19:20] Epoch=0334 Loss=0.0447
[2025-03-17 06:19:57] Epoch=0335 Loss=0.0447
[2025-03-17 06:19:57] Training completed.
[2025-03-17 06:19:57] Min train loss: 0.0438 | Epoch: 0284
[2025-03-17 06:19:57] Save to /public/home/Yule1/Desktop/DeepLearning/PPI/cell/data/mdl_mut_128x256_2503162108
[2025-03-17 06:19:58] Save train loss curve to /public/home/Yule1/Desktop/DeepLearning/PPI/cell/data/mdl_mut_128x256_2503162108/loss.pkl
[2025-03-17 06:19:58] Save /public/home/Yule1/Desktop/DeepLearning/PPI/cell/data/mdl_mut_128x256_2503162108/GCNembeddings.npy
