[2025-03-15 17:35:25] Check model.
[2025-03-15 17:35:25] Cell2Vec(
  (encoder): GCNEncoder(
    (conv): ModuleList(
      (0): GraphConv(in=972, out=256, normalization=both, activation=None)
      (1): GraphConv(in=256, out=128, normalization=both, activation=None)
    )
  )
  (embeddings): Embedding(39, 256)
  (projector): Sequential(
    (0): Linear(in_features=128, out_features=256, bias=True)
    (1): Dropout(p=0.5, inplace=False)
  )
)
[2025-03-15 17:35:25] Start training.
[2025-03-15 17:36:00] Epoch=0001 Loss=2.2376
[2025-03-15 17:36:16] Epoch=0002 Loss=1.5277
[2025-03-15 17:37:12] Epoch=0003 Loss=1.3111
[2025-03-15 17:38:06] Epoch=0004 Loss=1.1724
[2025-03-15 17:38:35] Epoch=0005 Loss=1.1094
[2025-03-15 17:39:21] Epoch=0006 Loss=1.1394
[2025-03-15 17:39:32] Epoch=0007 Loss=1.0998
[2025-03-15 17:40:19] Epoch=0008 Loss=1.0410
[2025-03-15 17:41:14] Epoch=0009 Loss=1.0343
[2025-03-15 17:41:39] Epoch=0010 Loss=1.0250
[2025-03-15 17:42:06] Epoch=0011 Loss=1.0219
[2025-03-15 17:42:47] Epoch=0012 Loss=1.0196
[2025-03-15 17:43:04] Epoch=0013 Loss=1.0199
[2025-03-15 17:43:58] Epoch=0014 Loss=1.0168
[2025-03-15 17:44:54] Epoch=0015 Loss=1.0070
[2025-03-15 17:45:30] Epoch=0016 Loss=0.9959
[2025-03-15 17:46:06] Epoch=0017 Loss=0.9952
[2025-03-15 17:47:00] Epoch=0018 Loss=0.9837
[2025-03-15 17:47:57] Epoch=0019 Loss=0.9944
[2025-03-15 17:48:07] Epoch=0020 Loss=0.9810
[2025-03-15 17:49:04] Epoch=0021 Loss=0.9771
[2025-03-15 17:49:57] Epoch=0022 Loss=0.9781
[2025-03-15 17:50:15] Epoch=0023 Loss=0.9687
[2025-03-15 17:50:30] Epoch=0024 Loss=0.9547
[2025-03-15 17:51:27] Epoch=0025 Loss=0.9421
[2025-03-15 17:51:49] Epoch=0026 Loss=0.9504
[2025-03-15 17:52:40] Epoch=0027 Loss=0.9385
[2025-03-15 17:53:35] Epoch=0028 Loss=0.9362
[2025-03-15 17:54:12] Epoch=0029 Loss=0.9271
[2025-03-15 17:54:29] Epoch=0030 Loss=0.9258
[2025-03-15 17:54:43] Epoch=0031 Loss=0.9399
[2025-03-15 17:55:39] Epoch=0032 Loss=0.9626
[2025-03-15 17:56:34] Epoch=0033 Loss=0.9637
[2025-03-15 17:57:23] Epoch=0034 Loss=0.9870
[2025-03-15 17:58:07] Epoch=0035 Loss=0.9565
[2025-03-15 17:58:49] Epoch=0036 Loss=0.9215
[2025-03-15 17:59:05] Epoch=0037 Loss=0.9105
[2025-03-15 17:59:49] Epoch=0038 Loss=0.8946
[2025-03-15 18:00:12] Epoch=0039 Loss=0.8918
[2025-03-15 18:00:37] Epoch=0040 Loss=0.8949
[2025-03-15 18:01:05] Epoch=0041 Loss=0.8842
[2025-03-15 18:02:00] Epoch=0042 Loss=0.8810
[2025-03-15 18:02:42] Epoch=0043 Loss=0.8852
[2025-03-15 18:03:37] Epoch=0044 Loss=0.8965
[2025-03-15 18:03:58] Epoch=0045 Loss=0.8749
[2025-03-15 18:04:26] Epoch=0046 Loss=0.8674
[2025-03-15 18:04:54] Epoch=0047 Loss=0.8744
[2025-03-15 18:05:42] Epoch=0048 Loss=0.9003
[2025-03-15 18:06:39] Epoch=0049 Loss=0.8863
[2025-03-15 18:07:29] Epoch=0050 Loss=0.8722
[2025-03-15 18:08:01] Epoch=0051 Loss=0.8741
[2025-03-15 18:08:58] Epoch=0052 Loss=0.8802
[2025-03-15 18:09:53] Epoch=0053 Loss=0.8927
[2025-03-15 18:10:08] Epoch=0054 Loss=0.8966
[2025-03-15 18:10:35] Epoch=0055 Loss=0.8585
[2025-03-15 18:11:32] Epoch=0056 Loss=0.8394
[2025-03-15 18:12:06] Epoch=0057 Loss=0.8467
[2025-03-15 18:12:44] Epoch=0058 Loss=0.8562
[2025-03-15 18:13:04] Epoch=0059 Loss=0.8362
[2025-03-15 18:14:00] Epoch=0060 Loss=0.8184
[2025-03-15 18:14:32] Epoch=0061 Loss=0.8097
[2025-03-15 18:15:26] Epoch=0062 Loss=0.8203
[2025-03-15 18:15:35] Epoch=0063 Loss=0.8298
[2025-03-15 18:16:18] Epoch=0064 Loss=0.8585
[2025-03-15 18:17:08] Epoch=0065 Loss=0.8559
[2025-03-15 18:17:35] Epoch=0066 Loss=0.8308
[2025-03-15 18:18:08] Epoch=0067 Loss=0.8342
[2025-03-15 18:18:55] Epoch=0068 Loss=0.8122
[2025-03-15 18:19:20] Epoch=0069 Loss=0.8059
[2025-03-15 18:19:48] Epoch=0070 Loss=0.7877
[2025-03-15 18:20:04] Epoch=0071 Loss=0.7878
[2025-03-15 18:20:45] Epoch=0072 Loss=0.7889
[2025-03-15 18:21:05] Epoch=0073 Loss=0.8066
[2025-03-15 18:22:00] Epoch=0074 Loss=0.8095
[2025-03-15 18:22:53] Epoch=0075 Loss=0.7980
[2025-03-15 18:23:50] Epoch=0076 Loss=0.7967
[2025-03-15 18:24:34] Epoch=0077 Loss=0.8040
[2025-03-15 18:25:27] Epoch=0078 Loss=0.8149
[2025-03-15 18:26:12] Epoch=0079 Loss=0.8100
[2025-03-15 18:26:45] Epoch=0080 Loss=0.7856
[2025-03-15 18:27:22] Epoch=0081 Loss=0.7882
[2025-03-15 18:27:46] Epoch=0082 Loss=0.7782
[2025-03-15 18:28:28] Epoch=0083 Loss=0.7812
[2025-03-15 18:28:43] Epoch=0084 Loss=0.7650
[2025-03-15 18:28:54] Epoch=0085 Loss=0.7709
[2025-03-15 18:29:18] Epoch=0086 Loss=0.7672
[2025-03-15 18:29:50] Epoch=0087 Loss=0.7763
[2025-03-15 18:30:03] Epoch=0088 Loss=0.7824
[2025-03-15 18:30:15] Epoch=0089 Loss=0.7898
[2025-03-15 18:30:27] Epoch=0090 Loss=0.7770
[2025-03-15 18:30:59] Epoch=0091 Loss=0.7512
[2025-03-15 18:31:28] Epoch=0092 Loss=0.7346
[2025-03-15 18:32:00] Epoch=0093 Loss=0.7316
[2025-03-15 18:32:25] Epoch=0094 Loss=0.7393
[2025-03-15 18:32:38] Epoch=0095 Loss=0.7525
[2025-03-15 18:33:35] Epoch=0096 Loss=0.7601
[2025-03-15 18:34:32] Epoch=0097 Loss=0.7611
[2025-03-15 18:35:25] Epoch=0098 Loss=0.7657
[2025-03-15 18:36:11] Epoch=0099 Loss=0.7661
[2025-03-15 18:37:08] Epoch=0100 Loss=0.7303
[2025-03-15 18:37:40] Epoch=0101 Loss=0.7159
[2025-03-15 18:37:55] Epoch=0102 Loss=0.7085
[2025-03-15 18:38:29] Epoch=0103 Loss=0.7185
[2025-03-15 18:39:11] Epoch=0104 Loss=0.7181
[2025-03-15 18:40:06] Epoch=0105 Loss=0.7248
[2025-03-15 18:40:36] Epoch=0106 Loss=0.7381
[2025-03-15 18:40:52] Epoch=0107 Loss=0.7506
[2025-03-15 18:41:41] Epoch=0108 Loss=0.7708
[2025-03-15 18:41:53] Epoch=0109 Loss=0.7524
[2025-03-15 18:42:49] Epoch=0110 Loss=0.7261
[2025-03-15 18:43:40] Epoch=0111 Loss=0.7295
[2025-03-15 18:43:58] Epoch=0112 Loss=0.7043
[2025-03-15 18:44:54] Epoch=0113 Loss=0.6954
[2025-03-15 18:45:12] Epoch=0114 Loss=0.6938
[2025-03-15 18:45:53] Epoch=0115 Loss=0.7044
[2025-03-15 18:46:35] Epoch=0116 Loss=0.7170
[2025-03-15 18:46:47] Epoch=0117 Loss=0.7235
[2025-03-15 18:47:12] Epoch=0118 Loss=0.7178
[2025-03-15 18:48:08] Epoch=0119 Loss=0.7125
[2025-03-15 18:48:58] Epoch=0120 Loss=0.7350
[2025-03-15 18:49:09] Epoch=0121 Loss=0.7367
[2025-03-15 18:49:47] Epoch=0122 Loss=0.7261
[2025-03-15 18:50:43] Epoch=0123 Loss=0.7217
[2025-03-15 18:51:39] Epoch=0124 Loss=0.7061
[2025-03-15 18:51:59] Epoch=0125 Loss=0.7182
[2025-03-15 18:52:17] Epoch=0126 Loss=0.7027
[2025-03-15 18:52:58] Epoch=0127 Loss=0.6831
[2025-03-15 18:53:55] Epoch=0128 Loss=0.6692
[2025-03-15 18:54:23] Epoch=0129 Loss=0.7032
[2025-03-15 18:54:39] Epoch=0130 Loss=0.6981
[2025-03-15 18:55:36] Epoch=0131 Loss=0.6890
[2025-03-15 18:55:54] Epoch=0132 Loss=0.6856
[2025-03-15 18:56:21] Epoch=0133 Loss=0.6732
[2025-03-15 18:57:00] Epoch=0134 Loss=0.6704
[2025-03-15 18:57:18] Epoch=0135 Loss=0.6865
[2025-03-15 18:57:57] Epoch=0136 Loss=0.6785
[2025-03-15 18:58:19] Epoch=0137 Loss=0.6720
[2025-03-15 18:58:36] Epoch=0138 Loss=0.6758
[2025-03-15 18:58:57] Epoch=0139 Loss=0.7018
[2025-03-15 18:59:08] Epoch=0140 Loss=0.7230
[2025-03-15 18:59:39] Epoch=0141 Loss=0.7099
[2025-03-15 18:59:57] Epoch=0142 Loss=0.7118
[2025-03-15 19:00:21] Epoch=0143 Loss=0.6925
[2025-03-15 19:00:45] Epoch=0144 Loss=0.6681
[2025-03-15 19:01:42] Epoch=0145 Loss=0.6552
[2025-03-15 19:02:12] Epoch=0146 Loss=0.6552
[2025-03-15 19:02:39] Epoch=0147 Loss=0.6376
[2025-03-15 19:02:55] Epoch=0148 Loss=0.6422
[2025-03-15 19:03:13] Epoch=0149 Loss=0.6586
[2025-03-15 19:03:35] Epoch=0150 Loss=0.6369
[2025-03-15 19:03:59] Epoch=0151 Loss=0.6602
[2025-03-15 19:04:43] Epoch=0152 Loss=0.6807
[2025-03-15 19:04:50] Epoch=0153 Loss=0.6457
[2025-03-15 19:05:14] Epoch=0154 Loss=0.6289
[2025-03-15 19:05:59] Epoch=0155 Loss=0.6322
[2025-03-15 19:06:27] Epoch=0156 Loss=0.6436
[2025-03-15 19:07:22] Epoch=0157 Loss=0.6465
[2025-03-15 19:08:07] Epoch=0158 Loss=0.6524
[2025-03-15 19:08:15] Epoch=0159 Loss=0.6487
[2025-03-15 19:08:27] Epoch=0160 Loss=0.6292
[2025-03-15 19:08:48] Epoch=0161 Loss=0.6833
[2025-03-15 19:09:45] Epoch=0162 Loss=0.6904
[2025-03-15 19:10:26] Epoch=0163 Loss=0.6746
[2025-03-15 19:11:23] Epoch=0164 Loss=0.7049
[2025-03-15 19:11:55] Epoch=0165 Loss=0.7201
[2025-03-15 19:12:52] Epoch=0166 Loss=0.6665
[2025-03-15 19:13:20] Epoch=0167 Loss=0.6406
[2025-03-15 19:13:59] Epoch=0168 Loss=0.6410
[2025-03-15 19:14:08] Epoch=0169 Loss=0.6505
[2025-03-15 19:14:37] Epoch=0170 Loss=0.6396
[2025-03-15 19:15:26] Epoch=0171 Loss=0.6611
[2025-03-15 19:15:54] Epoch=0172 Loss=0.6398
[2025-03-15 19:16:45] Epoch=0173 Loss=0.6314
[2025-03-15 19:17:37] Epoch=0174 Loss=0.6137
[2025-03-15 19:18:11] Epoch=0175 Loss=0.6136
[2025-03-15 19:18:30] Epoch=0176 Loss=0.6113
[2025-03-15 19:19:18] Epoch=0177 Loss=0.6156
[2025-03-15 19:19:41] Epoch=0178 Loss=0.6062
[2025-03-15 19:19:59] Epoch=0179 Loss=0.6053
[2025-03-15 19:20:04] Epoch=0180 Loss=0.6022
[2025-03-15 19:20:27] Epoch=0181 Loss=0.6073
[2025-03-15 19:21:18] Epoch=0182 Loss=0.6010
[2025-03-15 19:21:48] Epoch=0183 Loss=0.6080
[2025-03-15 19:22:30] Epoch=0184 Loss=0.6100
[2025-03-15 19:23:27] Epoch=0185 Loss=0.6293
[2025-03-15 19:24:22] Epoch=0186 Loss=0.6766
[2025-03-15 19:24:45] Epoch=0187 Loss=0.6593
[2025-03-15 19:25:03] Epoch=0188 Loss=0.6300
[2025-03-15 19:25:24] Epoch=0189 Loss=0.6176
[2025-03-15 19:26:20] Epoch=0190 Loss=0.5897
[2025-03-15 19:26:54] Epoch=0191 Loss=0.5980
[2025-03-15 19:27:43] Epoch=0192 Loss=0.5980
[2025-03-15 19:28:06] Epoch=0193 Loss=0.5942
[2025-03-15 19:28:41] Epoch=0194 Loss=0.6143
[2025-03-15 19:29:38] Epoch=0195 Loss=0.6105
[2025-03-15 19:30:31] Epoch=0196 Loss=0.5925
[2025-03-15 19:31:28] Epoch=0197 Loss=0.5892
[2025-03-15 19:32:00] Epoch=0198 Loss=0.6059
[2025-03-15 19:32:14] Epoch=0199 Loss=0.6250
[2025-03-15 19:32:34] Epoch=0200 Loss=0.6139
[2025-03-15 19:33:08] Epoch=0201 Loss=0.5979
[2025-03-15 19:33:54] Epoch=0202 Loss=0.5984
[2025-03-15 19:34:50] Epoch=0203 Loss=0.5927
[2025-03-15 19:35:47] Epoch=0204 Loss=0.6052
[2025-03-15 19:36:28] Epoch=0205 Loss=0.6373
[2025-03-15 19:37:13] Epoch=0206 Loss=0.5862
[2025-03-15 19:37:36] Epoch=0207 Loss=0.5864
[2025-03-15 19:38:17] Epoch=0208 Loss=0.6191
[2025-03-15 19:38:54] Epoch=0209 Loss=0.6272
[2025-03-15 19:39:39] Epoch=0210 Loss=0.5970
[2025-03-15 19:40:35] Epoch=0211 Loss=0.6021
[2025-03-15 19:41:25] Epoch=0212 Loss=0.6011
[2025-03-15 19:42:20] Epoch=0213 Loss=0.5999
[2025-03-15 19:43:12] Epoch=0214 Loss=0.5924
[2025-03-15 19:44:09] Epoch=0215 Loss=0.5752
[2025-03-15 19:44:54] Epoch=0216 Loss=0.5708
[2025-03-15 19:45:50] Epoch=0217 Loss=0.5756
[2025-03-15 19:46:47] Epoch=0218 Loss=0.5871
[2025-03-15 19:47:43] Epoch=0219 Loss=0.5920
[2025-03-15 19:48:02] Epoch=0220 Loss=0.5816
[2025-03-15 19:48:19] Epoch=0221 Loss=0.5634
[2025-03-15 19:48:44] Epoch=0222 Loss=0.5549
[2025-03-15 19:49:22] Epoch=0223 Loss=0.5531
[2025-03-15 19:49:44] Epoch=0224 Loss=0.5489
[2025-03-15 19:50:20] Epoch=0225 Loss=0.5483
[2025-03-15 19:51:14] Epoch=0226 Loss=0.5418
[2025-03-15 19:52:07] Epoch=0227 Loss=0.5469
[2025-03-15 19:52:53] Epoch=0228 Loss=0.5597
[2025-03-15 19:53:19] Epoch=0229 Loss=0.5655
[2025-03-15 19:53:32] Epoch=0230 Loss=0.5811
[2025-03-15 19:53:48] Epoch=0231 Loss=0.5824
[2025-03-15 19:54:06] Epoch=0232 Loss=0.6057
[2025-03-15 19:55:02] Epoch=0233 Loss=0.5898
[2025-03-15 19:55:37] Epoch=0234 Loss=0.5818
[2025-03-15 19:56:20] Epoch=0235 Loss=0.5588
[2025-03-15 19:56:58] Epoch=0236 Loss=0.5418
[2025-03-15 19:57:43] Epoch=0237 Loss=0.5489
[2025-03-15 19:58:06] Epoch=0238 Loss=0.5810
[2025-03-15 19:58:19] Epoch=0239 Loss=0.5767
[2025-03-15 19:58:42] Epoch=0240 Loss=0.5653
[2025-03-15 19:59:00] Epoch=0241 Loss=0.5579
[2025-03-15 19:59:19] Epoch=0242 Loss=0.5788
[2025-03-15 19:59:42] Epoch=0243 Loss=0.5802
[2025-03-15 20:00:39] Epoch=0244 Loss=0.5564
[2025-03-15 20:01:35] Epoch=0245 Loss=0.5705
[2025-03-15 20:02:32] Epoch=0246 Loss=0.5651
[2025-03-15 20:02:51] Epoch=0247 Loss=0.5690
[2025-03-15 20:03:43] Epoch=0248 Loss=0.5660
[2025-03-15 20:04:13] Epoch=0249 Loss=0.5589
[2025-03-15 20:05:10] Epoch=0250 Loss=0.5652
[2025-03-15 20:06:06] Epoch=0251 Loss=0.5679
[2025-03-15 20:06:51] Epoch=0252 Loss=0.5681
[2025-03-15 20:07:32] Epoch=0253 Loss=0.5573
[2025-03-15 20:08:22] Epoch=0254 Loss=0.5569
[2025-03-15 20:09:18] Epoch=0255 Loss=0.5608
[2025-03-15 20:10:06] Epoch=0256 Loss=0.5492
[2025-03-15 20:10:23] Epoch=0257 Loss=0.5243
[2025-03-15 20:11:11] Epoch=0258 Loss=0.5180
[2025-03-15 20:12:08] Epoch=0259 Loss=0.5225
[2025-03-15 20:13:05] Epoch=0260 Loss=0.5420
[2025-03-15 20:13:40] Epoch=0261 Loss=0.5507
[2025-03-15 20:14:36] Epoch=0262 Loss=0.5290
[2025-03-15 20:15:33] Epoch=0263 Loss=0.5179
[2025-03-15 20:15:45] Epoch=0264 Loss=0.5116
[2025-03-15 20:16:06] Epoch=0265 Loss=0.5504
[2025-03-15 20:16:36] Epoch=0266 Loss=0.5658
[2025-03-15 20:17:31] Epoch=0267 Loss=0.5648
[2025-03-15 20:18:13] Epoch=0268 Loss=0.5513
[2025-03-15 20:18:25] Epoch=0269 Loss=0.5741
[2025-03-15 20:18:51] Epoch=0270 Loss=0.5575
[2025-03-15 20:19:43] Epoch=0271 Loss=0.5360
[2025-03-15 20:20:04] Epoch=0272 Loss=0.5422
[2025-03-15 20:20:24] Epoch=0273 Loss=0.5446
[2025-03-15 20:21:17] Epoch=0274 Loss=0.5463
[2025-03-15 20:21:55] Epoch=0275 Loss=0.5252
[2025-03-15 20:22:41] Epoch=0276 Loss=0.5360
[2025-03-15 20:23:35] Epoch=0277 Loss=0.5360
[2025-03-15 20:24:10] Epoch=0278 Loss=0.5322
[2025-03-15 20:24:58] Epoch=0279 Loss=0.5775
[2025-03-15 20:25:52] Epoch=0280 Loss=0.5649
[2025-03-15 20:26:16] Epoch=0281 Loss=0.5688
[2025-03-15 20:26:41] Epoch=0282 Loss=0.5827
[2025-03-15 20:27:16] Epoch=0283 Loss=0.5538
[2025-03-15 20:28:13] Epoch=0284 Loss=0.5244
[2025-03-15 20:28:40] Epoch=0285 Loss=0.5218
[2025-03-15 20:29:11] Epoch=0286 Loss=0.5184
[2025-03-15 20:30:08] Epoch=0287 Loss=0.5120
[2025-03-15 20:30:53] Epoch=0288 Loss=0.5330
[2025-03-15 20:31:17] Epoch=0289 Loss=0.5421
[2025-03-15 20:31:38] Epoch=0290 Loss=0.5627
[2025-03-15 20:32:34] Epoch=0291 Loss=0.5570
[2025-03-15 20:33:31] Epoch=0292 Loss=0.5332
[2025-03-15 20:33:49] Epoch=0293 Loss=0.5101
[2025-03-15 20:34:26] Epoch=0294 Loss=0.5057
[2025-03-15 20:35:22] Epoch=0295 Loss=0.5016
[2025-03-15 20:35:46] Epoch=0296 Loss=0.5072
[2025-03-15 20:36:09] Epoch=0297 Loss=0.5093
[2025-03-15 20:36:38] Epoch=0298 Loss=0.5240
[2025-03-15 20:36:58] Epoch=0299 Loss=0.5107
[2025-03-15 20:37:16] Epoch=0300 Loss=0.5076
[2025-03-15 20:37:39] Epoch=0301 Loss=0.5106
[2025-03-15 20:38:11] Epoch=0302 Loss=0.5192
[2025-03-15 20:38:51] Epoch=0303 Loss=0.5086
[2025-03-15 20:39:10] Epoch=0304 Loss=0.5401
[2025-03-15 20:39:22] Epoch=0305 Loss=0.5123
[2025-03-15 20:40:16] Epoch=0306 Loss=0.4885
[2025-03-15 20:40:59] Epoch=0307 Loss=0.4869
[2025-03-15 20:41:19] Epoch=0308 Loss=0.4915
[2025-03-15 20:41:58] Epoch=0309 Loss=0.5032
[2025-03-15 20:42:53] Epoch=0310 Loss=0.4986
[2025-03-15 20:43:14] Epoch=0311 Loss=0.5192
[2025-03-15 20:43:51] Epoch=0312 Loss=0.5190
[2025-03-15 20:44:35] Epoch=0313 Loss=0.5026
[2025-03-15 20:45:07] Epoch=0314 Loss=0.5106
[2025-03-15 20:45:25] Epoch=0315 Loss=0.5013
[2025-03-15 20:46:22] Epoch=0316 Loss=0.5028
[2025-03-15 20:46:57] Epoch=0317 Loss=0.5044
[2025-03-15 20:47:35] Epoch=0318 Loss=0.5043
[2025-03-15 20:48:26] Epoch=0319 Loss=0.5122
[2025-03-15 20:48:45] Epoch=0320 Loss=0.5246
[2025-03-15 20:48:57] Epoch=0321 Loss=0.5066
[2025-03-15 20:49:54] Epoch=0322 Loss=0.5047
[2025-03-15 20:50:21] Epoch=0323 Loss=0.4984
[2025-03-15 20:51:10] Epoch=0324 Loss=0.4993
[2025-03-15 20:51:12] Epoch=0325 Loss=0.5139
[2025-03-15 20:51:14] Epoch=0326 Loss=0.5098
[2025-03-15 20:51:16] Epoch=0327 Loss=0.5647
[2025-03-15 20:51:17] Epoch=0328 Loss=0.5404
[2025-03-15 20:51:20] Epoch=0329 Loss=0.5369
[2025-03-15 20:51:22] Epoch=0330 Loss=0.5524
[2025-03-15 20:51:23] Epoch=0331 Loss=0.5613
[2025-03-15 20:51:25] Epoch=0332 Loss=0.5761
[2025-03-15 20:51:30] Epoch=0333 Loss=0.5563
[2025-03-15 20:51:31] Epoch=0334 Loss=0.5259
[2025-03-15 20:51:33] Epoch=0335 Loss=0.4972
[2025-03-15 20:51:35] Epoch=0336 Loss=0.4770
[2025-03-15 20:51:37] Epoch=0337 Loss=0.4708
[2025-03-15 20:51:38] Epoch=0338 Loss=0.4658
[2025-03-15 20:51:40] Epoch=0339 Loss=0.4628
[2025-03-15 20:51:41] Epoch=0340 Loss=0.4617
[2025-03-15 20:51:43] Epoch=0341 Loss=0.4607
[2025-03-15 20:51:44] Epoch=0342 Loss=0.4700
[2025-03-15 20:51:46] Epoch=0343 Loss=0.4728
[2025-03-15 20:51:48] Epoch=0344 Loss=0.5011
[2025-03-15 20:51:49] Epoch=0345 Loss=0.5482
[2025-03-15 20:51:51] Epoch=0346 Loss=0.5941
[2025-03-15 20:51:52] Epoch=0347 Loss=0.5535
[2025-03-15 20:51:53] Epoch=0348 Loss=0.5293
[2025-03-15 20:51:55] Epoch=0349 Loss=0.5054
[2025-03-15 20:51:56] Epoch=0350 Loss=0.4838
[2025-03-15 20:51:58] Epoch=0351 Loss=0.4835
[2025-03-15 20:51:59] Epoch=0352 Loss=0.4755
[2025-03-15 20:52:01] Epoch=0353 Loss=0.4805
[2025-03-15 20:52:17] Epoch=0354 Loss=0.4797
[2025-03-15 20:52:18] Epoch=0355 Loss=0.4760
[2025-03-15 20:52:20] Epoch=0356 Loss=0.4810
[2025-03-15 20:52:21] Epoch=0357 Loss=0.4674
[2025-03-15 20:52:22] Epoch=0358 Loss=0.4645
[2025-03-15 20:52:24] Epoch=0359 Loss=0.4690
[2025-03-15 20:52:25] Epoch=0360 Loss=0.4858
[2025-03-15 20:52:27] Epoch=0361 Loss=0.4766
[2025-03-15 20:52:28] Epoch=0362 Loss=0.4765
[2025-03-15 20:52:30] Epoch=0363 Loss=0.4708
[2025-03-15 20:52:31] Epoch=0364 Loss=0.4703
[2025-03-15 20:52:33] Epoch=0365 Loss=0.4690
[2025-03-15 20:52:34] Epoch=0366 Loss=0.4830
[2025-03-15 20:52:36] Epoch=0367 Loss=0.4953
[2025-03-15 20:52:40] Epoch=0368 Loss=0.5449
[2025-03-15 20:52:41] Epoch=0369 Loss=0.5326
[2025-03-15 20:52:42] Epoch=0370 Loss=0.5041
[2025-03-15 20:52:44] Epoch=0371 Loss=0.5073
[2025-03-15 20:52:47] Epoch=0372 Loss=0.5095
[2025-03-15 20:52:48] Epoch=0373 Loss=0.5282
[2025-03-15 20:52:50] Epoch=0374 Loss=0.5327
[2025-03-15 20:52:52] Epoch=0375 Loss=0.5026
[2025-03-15 20:52:54] Epoch=0376 Loss=0.4655
[2025-03-15 20:52:55] Epoch=0377 Loss=0.4627
[2025-03-15 20:52:58] Epoch=0378 Loss=0.4589
[2025-03-15 20:53:00] Epoch=0379 Loss=0.4715
[2025-03-15 20:53:01] Epoch=0380 Loss=0.4738
[2025-03-15 20:53:03] Epoch=0381 Loss=0.4957
[2025-03-15 20:53:04] Epoch=0382 Loss=0.4792
[2025-03-15 20:53:06] Epoch=0383 Loss=0.4989
[2025-03-15 20:53:07] Epoch=0384 Loss=0.4944
[2025-03-15 20:53:10] Epoch=0385 Loss=0.4826
[2025-03-15 20:53:13] Epoch=0386 Loss=0.4860
[2025-03-15 20:53:14] Epoch=0387 Loss=0.4740
[2025-03-15 20:53:16] Epoch=0388 Loss=0.4854
[2025-03-15 20:53:17] Epoch=0389 Loss=0.4710
[2025-03-15 20:53:19] Epoch=0390 Loss=0.4845
[2025-03-15 20:53:21] Epoch=0391 Loss=0.5087
[2025-03-15 20:53:23] Epoch=0392 Loss=0.5003
[2025-03-15 20:53:24] Epoch=0393 Loss=0.5224
[2025-03-15 20:53:25] Epoch=0394 Loss=0.5127
[2025-03-15 20:53:27] Epoch=0395 Loss=0.5527
[2025-03-15 20:53:28] Epoch=0396 Loss=0.5176
[2025-03-15 20:53:30] Epoch=0397 Loss=0.5412
[2025-03-15 20:53:31] Epoch=0398 Loss=0.5014
[2025-03-15 20:53:33] Epoch=0399 Loss=0.4742
[2025-03-15 20:53:34] Epoch=0400 Loss=0.4534
[2025-03-15 20:53:36] Epoch=0401 Loss=0.4491
[2025-03-15 20:53:37] Epoch=0402 Loss=0.4508
[2025-03-15 20:53:39] Epoch=0403 Loss=0.4544
[2025-03-15 20:53:40] Epoch=0404 Loss=0.4385
[2025-03-15 20:53:54] Epoch=0405 Loss=0.4298
[2025-03-15 20:53:56] Epoch=0406 Loss=0.4274
[2025-03-15 20:53:57] Epoch=0407 Loss=0.4245
[2025-03-15 20:53:58] Epoch=0408 Loss=0.4294
[2025-03-15 20:54:00] Epoch=0409 Loss=0.4382
[2025-03-15 20:54:01] Epoch=0410 Loss=0.4321
[2025-03-15 20:54:03] Epoch=0411 Loss=0.4439
[2025-03-15 20:54:04] Epoch=0412 Loss=0.4403
[2025-03-15 20:54:06] Epoch=0413 Loss=0.4616
[2025-03-15 20:54:07] Epoch=0414 Loss=0.4618
[2025-03-15 20:54:09] Epoch=0415 Loss=0.4936
[2025-03-15 20:54:10] Epoch=0416 Loss=0.5132
[2025-03-15 20:54:12] Epoch=0417 Loss=0.5436
[2025-03-15 20:54:13] Epoch=0418 Loss=0.5587
[2025-03-15 20:54:15] Epoch=0419 Loss=0.5187
[2025-03-15 20:54:16] Epoch=0420 Loss=0.4890
[2025-03-15 20:54:17] Epoch=0421 Loss=0.4665
[2025-03-15 20:54:19] Epoch=0422 Loss=0.4569
[2025-03-15 20:54:20] Epoch=0423 Loss=0.4406
[2025-03-15 20:54:22] Epoch=0424 Loss=0.4288
[2025-03-15 20:54:23] Epoch=0425 Loss=0.4253
[2025-03-15 20:54:25] Epoch=0426 Loss=0.4294
[2025-03-15 20:54:26] Epoch=0427 Loss=0.4259
[2025-03-15 20:54:28] Epoch=0428 Loss=0.4218
[2025-03-15 20:54:29] Epoch=0429 Loss=0.4204
[2025-03-15 20:54:31] Epoch=0430 Loss=0.4263
[2025-03-15 20:54:33] Epoch=0431 Loss=0.4351
[2025-03-15 20:54:34] Epoch=0432 Loss=0.4687
[2025-03-15 20:54:35] Epoch=0433 Loss=0.5066
[2025-03-15 20:54:37] Epoch=0434 Loss=0.5159
[2025-03-15 20:54:40] Epoch=0435 Loss=0.5342
[2025-03-15 20:54:41] Epoch=0436 Loss=0.5169
[2025-03-15 20:54:43] Epoch=0437 Loss=0.5463
[2025-03-15 20:54:44] Epoch=0438 Loss=0.5422
[2025-03-15 20:54:48] Epoch=0439 Loss=0.5403
[2025-03-15 20:54:50] Epoch=0440 Loss=0.5508
[2025-03-15 20:54:51] Epoch=0441 Loss=0.5244
[2025-03-15 20:54:53] Epoch=0442 Loss=0.4798
[2025-03-15 20:54:54] Epoch=0443 Loss=0.4572
[2025-03-15 20:54:56] Epoch=0444 Loss=0.4479
[2025-03-15 20:54:57] Epoch=0445 Loss=0.4473
[2025-03-15 20:55:02] Epoch=0446 Loss=0.4314
[2025-03-15 20:55:04] Epoch=0447 Loss=0.4245
[2025-03-15 20:55:08] Epoch=0448 Loss=0.4256
[2025-03-15 20:55:09] Epoch=0449 Loss=0.4293
[2025-03-15 20:55:11] Epoch=0450 Loss=0.4326
[2025-03-15 20:55:12] Epoch=0451 Loss=0.4432
[2025-03-15 20:55:14] Epoch=0452 Loss=0.4500
[2025-03-15 20:55:15] Epoch=0453 Loss=0.4694
[2025-03-15 20:55:17] Epoch=0454 Loss=0.4628
[2025-03-15 20:55:18] Epoch=0455 Loss=0.4670
[2025-03-15 20:55:20] Epoch=0456 Loss=0.4499
[2025-03-15 20:55:21] Epoch=0457 Loss=0.4280
[2025-03-15 20:55:22] Epoch=0458 Loss=0.4258
[2025-03-15 20:55:24] Epoch=0459 Loss=0.4221
[2025-03-15 20:55:27] Epoch=0460 Loss=0.4127
[2025-03-15 20:55:28] Epoch=0461 Loss=0.4126
[2025-03-15 20:55:30] Epoch=0462 Loss=0.4245
[2025-03-15 20:55:31] Epoch=0463 Loss=0.4228
[2025-03-15 20:55:33] Epoch=0464 Loss=0.4250
[2025-03-15 20:55:34] Epoch=0465 Loss=0.4303
[2025-03-15 20:55:36] Epoch=0466 Loss=0.4431
[2025-03-15 20:55:37] Epoch=0467 Loss=0.4358
[2025-03-15 20:55:39] Epoch=0468 Loss=0.4269
[2025-03-15 20:55:40] Epoch=0469 Loss=0.4692
[2025-03-15 20:55:42] Epoch=0470 Loss=0.4682
[2025-03-15 20:55:43] Epoch=0471 Loss=0.4836
[2025-03-15 20:55:45] Epoch=0472 Loss=0.4815
[2025-03-15 20:55:46] Epoch=0473 Loss=0.4679
[2025-03-15 20:55:48] Epoch=0474 Loss=0.4413
[2025-03-15 20:55:49] Epoch=0475 Loss=0.4418
[2025-03-15 20:55:51] Epoch=0476 Loss=0.4645
[2025-03-15 20:55:52] Epoch=0477 Loss=0.4770
[2025-03-15 20:55:54] Epoch=0478 Loss=0.4933
[2025-03-15 20:55:55] Epoch=0479 Loss=0.4642
[2025-03-15 20:55:57] Epoch=0480 Loss=0.4461
[2025-03-15 20:55:58] Epoch=0481 Loss=0.4353
[2025-03-15 20:56:00] Epoch=0482 Loss=0.4430
[2025-03-15 20:56:01] Epoch=0483 Loss=0.4422
[2025-03-15 20:56:03] Epoch=0484 Loss=0.4449
[2025-03-15 20:56:04] Epoch=0485 Loss=0.4571
[2025-03-15 20:56:06] Epoch=0486 Loss=0.4465
[2025-03-15 20:56:07] Epoch=0487 Loss=0.4301
[2025-03-15 20:56:09] Epoch=0488 Loss=0.4683
[2025-03-15 20:56:10] Epoch=0489 Loss=0.4473
[2025-03-15 20:56:11] Epoch=0490 Loss=0.4269
[2025-03-15 20:56:15] Epoch=0491 Loss=0.4253
[2025-03-15 20:56:17] Epoch=0492 Loss=0.4368
[2025-03-15 20:56:18] Epoch=0493 Loss=0.4342
[2025-03-15 20:56:20] Epoch=0494 Loss=0.4304
[2025-03-15 20:56:21] Epoch=0495 Loss=0.4451
[2025-03-15 20:56:23] Epoch=0496 Loss=0.4424
[2025-03-15 20:56:24] Epoch=0497 Loss=0.4472
[2025-03-15 20:56:26] Epoch=0498 Loss=0.4396
[2025-03-15 20:56:27] Epoch=0499 Loss=0.4310
[2025-03-15 20:56:29] Epoch=0500 Loss=0.4348
[2025-03-15 20:56:30] Epoch=0501 Loss=0.4454
[2025-03-15 20:56:32] Epoch=0502 Loss=0.4523
[2025-03-15 20:56:36] Epoch=0503 Loss=0.4325
[2025-03-15 20:56:37] Epoch=0504 Loss=0.4274
[2025-03-15 20:56:39] Epoch=0505 Loss=0.4427
[2025-03-15 20:56:40] Epoch=0506 Loss=0.4552
[2025-03-15 20:56:42] Epoch=0507 Loss=0.4718
[2025-03-15 20:56:43] Epoch=0508 Loss=0.4956
[2025-03-15 20:56:45] Epoch=0509 Loss=0.4881
[2025-03-15 20:56:46] Epoch=0510 Loss=0.4317
[2025-03-15 20:56:48] Epoch=0511 Loss=0.4218
[2025-03-15 20:56:48] Training completed.
[2025-03-15 20:56:48] Min train loss: 0.4126 | Epoch: 0460
[2025-03-15 20:56:48] Save to /public/home/Yule1/Desktop/DeepLearning/PPI/cell/data/mdl_ge_128x256_2503151735
[2025-03-15 20:56:48] Save train loss curve to /public/home/Yule1/Desktop/DeepLearning/PPI/cell/data/mdl_ge_128x256_2503151735/loss.pkl
[2025-03-15 20:56:48] Save /public/home/Yule1/Desktop/DeepLearning/PPI/cell/data/mdl_ge_128x256_2503151735/embeddings.npy
