[2025-03-16 16:10:59] Check model.
[2025-03-16 16:10:59] Cell2Vec(
  (encoder): GraphSAGEEncoder(
    (conv): ModuleList(
      (0): SAGEConv(
        (feat_drop): Dropout(p=0.0, inplace=False)
        (fc_neigh): Linear(in_features=972, out_features=256, bias=False)
        (fc_self): Linear(in_features=972, out_features=256, bias=True)
      )
      (1): SAGEConv(
        (feat_drop): Dropout(p=0.0, inplace=False)
        (fc_neigh): Linear(in_features=256, out_features=128, bias=False)
        (fc_self): Linear(in_features=256, out_features=128, bias=True)
      )
    )
  )
  (embeddings): Embedding(39, 256)
  (projector): Sequential(
    (0): Linear(in_features=128, out_features=256, bias=True)
    (1): Dropout(p=0.5, inplace=False)
  )
)
[2025-03-16 16:10:59] Start training.
[2025-03-16 16:12:35] Epoch=0001 Loss=5.5603
[2025-03-16 16:13:58] Epoch=0002 Loss=2.1794
[2025-03-16 16:15:19] Epoch=0003 Loss=1.6682
[2025-03-16 16:16:44] Epoch=0004 Loss=1.4883
[2025-03-16 16:18:00] Epoch=0005 Loss=1.3592
[2025-03-16 16:19:17] Epoch=0006 Loss=1.2671
[2025-03-16 16:20:38] Epoch=0007 Loss=1.1837
[2025-03-16 16:22:00] Epoch=0008 Loss=1.1132
[2025-03-16 16:23:17] Epoch=0009 Loss=1.0606
[2025-03-16 16:24:30] Epoch=0010 Loss=1.0280
[2025-03-16 16:25:51] Epoch=0011 Loss=1.0102
[2025-03-16 16:27:13] Epoch=0012 Loss=1.0082
[2025-03-16 16:28:31] Epoch=0013 Loss=1.0192
[2025-03-16 16:29:51] Epoch=0014 Loss=1.0331
[2025-03-16 16:31:06] Epoch=0015 Loss=1.0321
[2025-03-16 16:32:32] Epoch=0016 Loss=1.0304
[2025-03-16 16:33:52] Epoch=0017 Loss=1.0095
[2025-03-16 16:35:10] Epoch=0018 Loss=0.9878
[2025-03-16 16:36:26] Epoch=0019 Loss=0.9781
[2025-03-16 16:37:45] Epoch=0020 Loss=0.9695
[2025-03-16 16:39:08] Epoch=0021 Loss=0.9629
[2025-03-16 16:40:34] Epoch=0022 Loss=0.9573
[2025-03-16 16:41:54] Epoch=0023 Loss=0.9514
[2025-03-16 16:43:17] Epoch=0024 Loss=0.9453
[2025-03-16 16:44:36] Epoch=0025 Loss=0.9387
[2025-03-16 16:45:54] Epoch=0026 Loss=0.9347
[2025-03-16 16:47:11] Epoch=0027 Loss=0.9321
[2025-03-16 16:48:29] Epoch=0028 Loss=0.9259
[2025-03-16 16:49:51] Epoch=0029 Loss=0.9232
[2025-03-16 16:51:09] Epoch=0030 Loss=0.9198
[2025-03-16 16:52:28] Epoch=0031 Loss=0.9208
[2025-03-16 16:53:47] Epoch=0032 Loss=0.9202
[2025-03-16 16:55:06] Epoch=0033 Loss=0.9194
[2025-03-16 16:56:28] Epoch=0034 Loss=0.9261
[2025-03-16 16:57:50] Epoch=0035 Loss=0.9584
[2025-03-16 16:59:20] Epoch=0036 Loss=0.9894
[2025-03-16 17:00:40] Epoch=0037 Loss=0.9897
[2025-03-16 17:02:00] Epoch=0038 Loss=0.9665
[2025-03-16 17:03:19] Epoch=0039 Loss=0.9605
[2025-03-16 17:04:42] Epoch=0040 Loss=0.9385
[2025-03-16 17:06:18] Epoch=0041 Loss=0.9436
[2025-03-16 17:07:58] Epoch=0042 Loss=0.9463
[2025-03-16 17:09:25] Epoch=0043 Loss=0.9199
[2025-03-16 17:10:55] Epoch=0044 Loss=0.8927
[2025-03-16 17:12:13] Epoch=0045 Loss=0.8760
[2025-03-16 17:13:30] Epoch=0046 Loss=0.8571
[2025-03-16 17:14:51] Epoch=0047 Loss=0.8460
[2025-03-16 17:16:09] Epoch=0048 Loss=0.8398
[2025-03-16 17:17:31] Epoch=0049 Loss=0.8261
[2025-03-16 17:18:50] Epoch=0050 Loss=0.8227
[2025-03-16 17:19:59] Epoch=0051 Loss=0.8206
[2025-03-16 17:21:16] Epoch=0052 Loss=0.8175
[2025-03-16 17:22:34] Epoch=0053 Loss=0.8188
[2025-03-16 17:23:53] Epoch=0054 Loss=0.8162
[2025-03-16 17:25:20] Epoch=0055 Loss=0.8171
[2025-03-16 17:26:37] Epoch=0056 Loss=0.8082
[2025-03-16 17:27:57] Epoch=0057 Loss=0.8012
[2025-03-16 17:29:25] Epoch=0058 Loss=0.8029
[2025-03-16 17:30:49] Epoch=0059 Loss=0.8002
[2025-03-16 17:32:10] Epoch=0060 Loss=0.8136
[2025-03-16 17:33:34] Epoch=0061 Loss=0.8398
[2025-03-16 17:34:51] Epoch=0062 Loss=0.8488
[2025-03-16 17:36:11] Epoch=0063 Loss=0.8445
[2025-03-16 17:37:29] Epoch=0064 Loss=0.8417
[2025-03-16 17:38:46] Epoch=0065 Loss=0.8640
[2025-03-16 17:40:05] Epoch=0066 Loss=0.8686
[2025-03-16 17:41:28] Epoch=0067 Loss=0.8270
[2025-03-16 17:42:47] Epoch=0068 Loss=0.8107
[2025-03-16 17:44:09] Epoch=0069 Loss=0.7927
[2025-03-16 17:45:32] Epoch=0070 Loss=0.7695
[2025-03-16 17:46:57] Epoch=0071 Loss=0.7573
[2025-03-16 17:48:17] Epoch=0072 Loss=0.7427
[2025-03-16 17:49:33] Epoch=0073 Loss=0.7390
[2025-03-16 17:50:54] Epoch=0074 Loss=0.7288
[2025-03-16 17:52:13] Epoch=0075 Loss=0.7214
[2025-03-16 17:53:49] Epoch=0076 Loss=0.7204
[2025-03-16 17:55:09] Epoch=0077 Loss=0.7233
[2025-03-16 17:56:26] Epoch=0078 Loss=0.7135
[2025-03-16 17:57:44] Epoch=0079 Loss=0.7131
[2025-03-16 17:59:06] Epoch=0080 Loss=0.6996
[2025-03-16 18:00:26] Epoch=0081 Loss=0.7006
[2025-03-16 18:01:45] Epoch=0082 Loss=0.7162
[2025-03-16 18:03:08] Epoch=0083 Loss=0.7329
[2025-03-16 18:04:35] Epoch=0084 Loss=0.7337
[2025-03-16 18:05:58] Epoch=0085 Loss=0.7368
[2025-03-16 18:07:25] Epoch=0086 Loss=0.7231
[2025-03-16 18:08:45] Epoch=0087 Loss=0.7263
[2025-03-16 18:10:04] Epoch=0088 Loss=0.7205
[2025-03-16 18:11:22] Epoch=0089 Loss=0.6944
[2025-03-16 18:12:38] Epoch=0090 Loss=0.6839
[2025-03-16 18:13:54] Epoch=0091 Loss=0.6755
[2025-03-16 18:15:22] Epoch=0092 Loss=0.6756
[2025-03-16 18:16:39] Epoch=0093 Loss=0.6776
[2025-03-16 18:18:00] Epoch=0094 Loss=0.6838
[2025-03-16 18:19:19] Epoch=0095 Loss=0.6823
[2025-03-16 18:20:38] Epoch=0096 Loss=0.7055
[2025-03-16 18:21:57] Epoch=0097 Loss=0.6956
[2025-03-16 18:23:15] Epoch=0098 Loss=0.6867
[2025-03-16 18:24:37] Epoch=0099 Loss=0.6893
[2025-03-16 18:25:57] Epoch=0100 Loss=0.6736
[2025-03-16 18:27:19] Epoch=0101 Loss=0.6679
[2025-03-16 18:28:47] Epoch=0102 Loss=0.6486
[2025-03-16 18:30:07] Epoch=0103 Loss=0.6587
[2025-03-16 18:31:26] Epoch=0104 Loss=0.6613
[2025-03-16 18:32:47] Epoch=0105 Loss=0.6549
[2025-03-16 18:34:09] Epoch=0106 Loss=0.6629
[2025-03-16 18:35:38] Epoch=0107 Loss=0.6603
[2025-03-16 18:37:01] Epoch=0108 Loss=0.6672
[2025-03-16 18:38:16] Epoch=0109 Loss=0.6525
[2025-03-16 18:39:35] Epoch=0110 Loss=0.6391
[2025-03-16 18:40:56] Epoch=0111 Loss=0.6216
[2025-03-16 18:42:15] Epoch=0112 Loss=0.6135
[2025-03-16 18:43:42] Epoch=0113 Loss=0.6147
[2025-03-16 18:45:08] Epoch=0114 Loss=0.6364
[2025-03-16 18:46:25] Epoch=0115 Loss=0.6622
[2025-03-16 18:47:42] Epoch=0116 Loss=0.6597
[2025-03-16 18:49:01] Epoch=0117 Loss=0.6586
[2025-03-16 18:50:29] Epoch=0118 Loss=0.6689
[2025-03-16 18:51:49] Epoch=0119 Loss=0.7366
[2025-03-16 18:53:08] Epoch=0120 Loss=0.7270
[2025-03-16 18:54:26] Epoch=0121 Loss=0.7044
[2025-03-16 18:55:42] Epoch=0122 Loss=0.6632
[2025-03-16 18:56:58] Epoch=0123 Loss=0.6259
[2025-03-16 18:58:19] Epoch=0124 Loss=0.6195
[2025-03-16 18:59:37] Epoch=0125 Loss=0.6101
[2025-03-16 19:00:54] Epoch=0126 Loss=0.6079
[2025-03-16 19:02:14] Epoch=0127 Loss=0.5982
[2025-03-16 19:03:47] Epoch=0128 Loss=0.5777
[2025-03-16 19:05:03] Epoch=0129 Loss=0.5719
[2025-03-16 19:06:24] Epoch=0130 Loss=0.5741
[2025-03-16 19:07:50] Epoch=0131 Loss=0.5797
[2025-03-16 19:09:13] Epoch=0132 Loss=0.5781
[2025-03-16 19:10:35] Epoch=0133 Loss=0.5801
[2025-03-16 19:11:51] Epoch=0134 Loss=0.5795
[2025-03-16 19:13:11] Epoch=0135 Loss=0.6004
[2025-03-16 19:14:34] Epoch=0136 Loss=0.6252
[2025-03-16 19:15:46] Epoch=0137 Loss=0.6232
[2025-03-16 19:17:08] Epoch=0138 Loss=0.6234
[2025-03-16 19:18:28] Epoch=0139 Loss=0.6052
[2025-03-16 19:19:45] Epoch=0140 Loss=0.5962
[2025-03-16 19:21:10] Epoch=0141 Loss=0.5830
[2025-03-16 19:22:29] Epoch=0142 Loss=0.5810
[2025-03-16 19:23:48] Epoch=0143 Loss=0.5859
[2025-03-16 19:25:08] Epoch=0144 Loss=0.5945
[2025-03-16 19:26:26] Epoch=0145 Loss=0.6119
[2025-03-16 19:27:45] Epoch=0146 Loss=0.6255
[2025-03-16 19:29:05] Epoch=0147 Loss=0.5866
[2025-03-16 19:30:25] Epoch=0148 Loss=0.5696
[2025-03-16 19:32:20] Epoch=0149 Loss=0.5666
[2025-03-16 19:35:12] Epoch=0150 Loss=0.5616
[2025-03-16 19:36:33] Epoch=0151 Loss=0.5682
[2025-03-16 19:37:52] Epoch=0152 Loss=0.5569
[2025-03-16 19:39:10] Epoch=0153 Loss=0.5600
[2025-03-16 19:40:31] Epoch=0154 Loss=0.5560
[2025-03-16 19:41:49] Epoch=0155 Loss=0.5321
[2025-03-16 19:43:10] Epoch=0156 Loss=0.5335
[2025-03-16 19:44:26] Epoch=0157 Loss=0.5445
[2025-03-16 19:45:44] Epoch=0158 Loss=0.5542
[2025-03-16 19:47:01] Epoch=0159 Loss=0.5776
[2025-03-16 19:48:24] Epoch=0160 Loss=0.5979
[2025-03-16 19:49:51] Epoch=0161 Loss=0.6628
[2025-03-16 19:51:21] Epoch=0162 Loss=0.6842
[2025-03-16 19:52:42] Epoch=0163 Loss=0.6570
[2025-03-16 19:54:06] Epoch=0164 Loss=0.6035
[2025-03-16 19:55:22] Epoch=0165 Loss=0.5518
[2025-03-16 19:56:42] Epoch=0166 Loss=0.5444
[2025-03-16 19:58:14] Epoch=0167 Loss=0.5300
[2025-03-16 19:59:37] Epoch=0168 Loss=0.5164
[2025-03-16 20:00:54] Epoch=0169 Loss=0.5050
[2025-03-16 20:02:16] Epoch=0170 Loss=0.4964
[2025-03-16 20:03:42] Epoch=0171 Loss=0.5007
[2025-03-16 20:05:02] Epoch=0172 Loss=0.5093
[2025-03-16 20:06:23] Epoch=0173 Loss=0.5273
[2025-03-16 20:07:40] Epoch=0174 Loss=0.5336
[2025-03-16 20:08:57] Epoch=0175 Loss=0.5323
[2025-03-16 20:10:16] Epoch=0176 Loss=0.5521
[2025-03-16 20:11:35] Epoch=0177 Loss=0.5638
[2025-03-16 20:12:51] Epoch=0178 Loss=0.5498
[2025-03-16 20:14:10] Epoch=0179 Loss=0.5663
[2025-03-16 20:15:27] Epoch=0180 Loss=0.5532
[2025-03-16 20:16:53] Epoch=0181 Loss=0.5808
[2025-03-16 20:18:11] Epoch=0182 Loss=0.5498
[2025-03-16 20:19:45] Epoch=0183 Loss=0.5308
[2025-03-16 20:21:13] Epoch=0184 Loss=0.5344
[2025-03-16 20:22:44] Epoch=0185 Loss=0.5474
[2025-03-16 20:24:20] Epoch=0186 Loss=0.5328
[2025-03-16 20:25:50] Epoch=0187 Loss=0.5205
[2025-03-16 20:27:30] Epoch=0188 Loss=0.5067
[2025-03-16 20:29:05] Epoch=0189 Loss=0.5173
[2025-03-16 20:30:44] Epoch=0190 Loss=0.5419
[2025-03-16 20:32:24] Epoch=0191 Loss=0.5518
[2025-03-16 20:34:04] Epoch=0192 Loss=0.5436
[2025-03-16 20:35:40] Epoch=0193 Loss=0.5174
[2025-03-16 20:37:16] Epoch=0194 Loss=0.5264
[2025-03-16 20:38:55] Epoch=0195 Loss=0.5237
[2025-03-16 20:40:34] Epoch=0196 Loss=0.5119
[2025-03-16 20:42:10] Epoch=0197 Loss=0.5067
[2025-03-16 20:43:41] Epoch=0198 Loss=0.5081
[2025-03-16 20:45:21] Epoch=0199 Loss=0.5077
[2025-03-16 20:46:48] Epoch=0200 Loss=0.5082
[2025-03-16 20:48:27] Epoch=0201 Loss=0.5167
[2025-03-16 20:50:06] Epoch=0202 Loss=0.5715
[2025-03-16 20:51:35] Epoch=0203 Loss=0.5423
[2025-03-16 20:53:09] Epoch=0204 Loss=0.5509
[2025-03-16 20:54:39] Epoch=0205 Loss=0.5166
[2025-03-16 20:56:18] Epoch=0206 Loss=0.5094
[2025-03-16 20:57:52] Epoch=0207 Loss=0.4977
[2025-03-16 20:59:30] Epoch=0208 Loss=0.5135
[2025-03-16 21:01:04] Epoch=0209 Loss=0.5219
[2025-03-16 21:02:45] Epoch=0210 Loss=0.5146
[2025-03-16 21:04:13] Epoch=0211 Loss=0.5031
[2025-03-16 21:06:00] Epoch=0212 Loss=0.5082
[2025-03-16 21:07:39] Epoch=0213 Loss=0.4901
[2025-03-16 21:09:24] Epoch=0214 Loss=0.4883
[2025-03-16 21:12:02] Epoch=0215 Loss=0.4949
[2025-03-16 21:14:38] Epoch=0216 Loss=0.4777
[2025-03-16 21:17:26] Epoch=0217 Loss=0.4864
[2025-03-16 21:20:08] Epoch=0218 Loss=0.5119
[2025-03-16 21:22:56] Epoch=0219 Loss=0.4950
[2025-03-16 21:25:35] Epoch=0220 Loss=0.5739
[2025-03-16 21:28:23] Epoch=0221 Loss=0.5548
[2025-03-16 21:30:56] Epoch=0222 Loss=0.5323
[2025-03-16 21:33:34] Epoch=0223 Loss=0.5027
[2025-03-16 21:36:17] Epoch=0224 Loss=0.4732
[2025-03-16 21:39:04] Epoch=0225 Loss=0.4636
[2025-03-16 21:41:39] Epoch=0226 Loss=0.4518
[2025-03-16 21:44:19] Epoch=0227 Loss=0.4500
[2025-03-16 21:47:08] Epoch=0228 Loss=0.4567
[2025-03-16 21:49:44] Epoch=0229 Loss=0.4701
[2025-03-16 21:52:26] Epoch=0230 Loss=0.4681
[2025-03-16 21:55:00] Epoch=0231 Loss=0.4736
[2025-03-16 21:57:39] Epoch=0232 Loss=0.4850
[2025-03-16 22:00:15] Epoch=0233 Loss=0.4862
[2025-03-16 22:02:55] Epoch=0234 Loss=0.4925
[2025-03-16 22:05:54] Epoch=0235 Loss=0.4905
[2025-03-16 22:08:39] Epoch=0236 Loss=0.4999
[2025-03-16 22:11:24] Epoch=0237 Loss=0.5015
[2025-03-16 22:14:10] Epoch=0238 Loss=0.4848
[2025-03-16 22:16:44] Epoch=0239 Loss=0.4856
[2025-03-16 22:19:22] Epoch=0240 Loss=0.4789
[2025-03-16 22:22:11] Epoch=0241 Loss=0.4935
[2025-03-16 22:24:48] Epoch=0242 Loss=0.5074
[2025-03-16 22:27:26] Epoch=0243 Loss=0.5050
[2025-03-16 22:30:05] Epoch=0244 Loss=0.5051
[2025-03-16 22:32:52] Epoch=0245 Loss=0.4745
[2025-03-16 22:35:32] Epoch=0246 Loss=0.4740
[2025-03-16 22:38:26] Epoch=0247 Loss=0.4804
[2025-03-16 22:41:02] Epoch=0248 Loss=0.4778
[2025-03-16 22:43:40] Epoch=0249 Loss=0.5094
[2025-03-16 22:46:25] Epoch=0250 Loss=0.5487
[2025-03-16 22:49:05] Epoch=0251 Loss=0.5335
[2025-03-16 22:51:42] Epoch=0252 Loss=0.5030
[2025-03-16 22:54:24] Epoch=0253 Loss=0.4905
[2025-03-16 22:57:05] Epoch=0254 Loss=0.5006
[2025-03-16 22:59:48] Epoch=0255 Loss=0.4753
[2025-03-16 23:02:22] Epoch=0256 Loss=0.4468
[2025-03-16 23:05:08] Epoch=0257 Loss=0.4521
[2025-03-16 23:07:47] Epoch=0258 Loss=0.4558
[2025-03-16 23:10:21] Epoch=0259 Loss=0.4371
[2025-03-16 23:12:57] Epoch=0260 Loss=0.4336
[2025-03-16 23:15:38] Epoch=0261 Loss=0.4310
[2025-03-16 23:18:25] Epoch=0262 Loss=0.4333
[2025-03-16 23:21:12] Epoch=0263 Loss=0.4520
[2025-03-16 23:23:52] Epoch=0264 Loss=0.4462
[2025-03-16 23:26:31] Epoch=0265 Loss=0.4511
[2025-03-16 23:29:07] Epoch=0266 Loss=0.4642
[2025-03-16 23:31:52] Epoch=0267 Loss=0.4562
[2025-03-16 23:34:33] Epoch=0268 Loss=0.4856
[2025-03-16 23:37:18] Epoch=0269 Loss=0.5015
[2025-03-16 23:40:00] Epoch=0270 Loss=0.5023
[2025-03-16 23:42:43] Epoch=0271 Loss=0.4786
[2025-03-16 23:45:19] Epoch=0272 Loss=0.4725
[2025-03-16 23:48:00] Epoch=0273 Loss=0.4631
[2025-03-16 23:50:37] Epoch=0274 Loss=0.4570
[2025-03-16 23:53:13] Epoch=0275 Loss=0.4443
[2025-03-16 23:55:57] Epoch=0276 Loss=0.4550
[2025-03-16 23:58:43] Epoch=0277 Loss=0.4710
[2025-03-17 00:01:23] Epoch=0278 Loss=0.4748
[2025-03-17 00:04:02] Epoch=0279 Loss=0.4609
[2025-03-17 00:06:43] Epoch=0280 Loss=0.4498
[2025-03-17 00:09:12] Epoch=0281 Loss=0.4304
[2025-03-17 00:11:59] Epoch=0282 Loss=0.4257
[2025-03-17 00:14:31] Epoch=0283 Loss=0.4224
[2025-03-17 00:17:22] Epoch=0284 Loss=0.4361
[2025-03-17 00:19:58] Epoch=0285 Loss=0.4380
[2025-03-17 00:22:35] Epoch=0286 Loss=0.4557
[2025-03-17 00:25:16] Epoch=0287 Loss=0.4815
[2025-03-17 00:27:55] Epoch=0288 Loss=0.5025
[2025-03-17 00:30:30] Epoch=0289 Loss=0.5265
[2025-03-17 00:33:13] Epoch=0290 Loss=0.5073
[2025-03-17 00:35:51] Epoch=0291 Loss=0.4739
[2025-03-17 00:38:33] Epoch=0292 Loss=0.4350
[2025-03-17 00:41:14] Epoch=0293 Loss=0.4493
[2025-03-17 00:43:52] Epoch=0294 Loss=0.4505
[2025-03-17 00:46:28] Epoch=0295 Loss=0.4601
[2025-03-17 00:49:04] Epoch=0296 Loss=0.4723
[2025-03-17 00:51:48] Epoch=0297 Loss=0.4873
[2025-03-17 00:54:44] Epoch=0298 Loss=0.4576
[2025-03-17 00:57:29] Epoch=0299 Loss=0.4170
[2025-03-17 01:00:08] Epoch=0300 Loss=0.4122
[2025-03-17 01:02:59] Epoch=0301 Loss=0.4067
[2025-03-17 01:05:49] Epoch=0302 Loss=0.4234
[2025-03-17 01:08:37] Epoch=0303 Loss=0.4190
[2025-03-17 01:11:14] Epoch=0304 Loss=0.4504
[2025-03-17 01:13:46] Epoch=0305 Loss=0.4586
[2025-03-17 01:16:28] Epoch=0306 Loss=0.4662
[2025-03-17 01:19:12] Epoch=0307 Loss=0.4476
[2025-03-17 01:21:59] Epoch=0308 Loss=0.4535
[2025-03-17 01:24:50] Epoch=0309 Loss=0.4709
[2025-03-17 01:27:42] Epoch=0310 Loss=0.4529
[2025-03-17 01:30:28] Epoch=0311 Loss=0.4708
[2025-03-17 01:33:25] Epoch=0312 Loss=0.4815
[2025-03-17 01:36:16] Epoch=0313 Loss=0.4835
[2025-03-17 01:38:56] Epoch=0314 Loss=0.4608
[2025-03-17 01:41:43] Epoch=0315 Loss=0.4441
[2025-03-17 01:44:26] Epoch=0316 Loss=0.4387
[2025-03-17 01:47:02] Epoch=0317 Loss=0.4443
[2025-03-17 01:49:40] Epoch=0318 Loss=0.4321
[2025-03-17 01:52:24] Epoch=0319 Loss=0.4179
[2025-03-17 01:55:01] Epoch=0320 Loss=0.4081
[2025-03-17 01:57:40] Epoch=0321 Loss=0.4071
[2025-03-17 02:00:22] Epoch=0322 Loss=0.4113
[2025-03-17 02:02:56] Epoch=0323 Loss=0.4274
[2025-03-17 02:05:30] Epoch=0324 Loss=0.4532
[2025-03-17 02:08:16] Epoch=0325 Loss=0.4701
[2025-03-17 02:10:59] Epoch=0326 Loss=0.4702
[2025-03-17 02:13:31] Epoch=0327 Loss=0.4452
[2025-03-17 02:16:09] Epoch=0328 Loss=0.4272
[2025-03-17 02:18:52] Epoch=0329 Loss=0.4200
[2025-03-17 02:21:29] Epoch=0330 Loss=0.4114
[2025-03-17 02:24:15] Epoch=0331 Loss=0.4103
[2025-03-17 02:26:36] Epoch=0332 Loss=0.4108
[2025-03-17 02:29:18] Epoch=0333 Loss=0.4177
[2025-03-17 02:31:58] Epoch=0334 Loss=0.4112
[2025-03-17 02:34:31] Epoch=0335 Loss=0.4043
[2025-03-17 02:37:15] Epoch=0336 Loss=0.4048
[2025-03-17 02:39:55] Epoch=0337 Loss=0.4026
[2025-03-17 02:42:35] Epoch=0338 Loss=0.4122
[2025-03-17 02:45:16] Epoch=0339 Loss=0.4266
[2025-03-17 02:48:02] Epoch=0340 Loss=0.5027
[2025-03-17 02:50:39] Epoch=0341 Loss=0.4886
[2025-03-17 02:53:27] Epoch=0342 Loss=0.4888
[2025-03-17 02:56:07] Epoch=0343 Loss=0.4897
[2025-03-17 02:58:53] Epoch=0344 Loss=0.4432
[2025-03-17 03:01:32] Epoch=0345 Loss=0.4249
[2025-03-17 03:04:07] Epoch=0346 Loss=0.4250
[2025-03-17 03:06:52] Epoch=0347 Loss=0.4437
[2025-03-17 03:09:34] Epoch=0348 Loss=0.4292
[2025-03-17 03:12:11] Epoch=0349 Loss=0.4277
[2025-03-17 03:13:42] Epoch=0350 Loss=0.4309
[2025-03-17 03:15:20] Epoch=0351 Loss=0.4324
[2025-03-17 03:17:02] Epoch=0352 Loss=0.4628
[2025-03-17 03:18:41] Epoch=0353 Loss=0.4629
[2025-03-17 03:20:15] Epoch=0354 Loss=0.4666
[2025-03-17 03:21:56] Epoch=0355 Loss=0.4596
[2025-03-17 03:23:28] Epoch=0356 Loss=0.4212
[2025-03-17 03:25:00] Epoch=0357 Loss=0.4094
[2025-03-17 03:26:34] Epoch=0358 Loss=0.4144
[2025-03-17 03:28:15] Epoch=0359 Loss=0.4044
[2025-03-17 03:29:57] Epoch=0360 Loss=0.4071
[2025-03-17 03:31:41] Epoch=0361 Loss=0.4181
[2025-03-17 03:33:20] Epoch=0362 Loss=0.4227
[2025-03-17 03:34:52] Epoch=0363 Loss=0.4265
[2025-03-17 03:36:28] Epoch=0364 Loss=0.4172
[2025-03-17 03:38:08] Epoch=0365 Loss=0.4084
[2025-03-17 03:39:58] Epoch=0366 Loss=0.4126
[2025-03-17 03:41:34] Epoch=0367 Loss=0.4079
[2025-03-17 03:43:18] Epoch=0368 Loss=0.4013
[2025-03-17 03:44:57] Epoch=0369 Loss=0.4015
[2025-03-17 03:46:47] Epoch=0370 Loss=0.4142
[2025-03-17 03:48:24] Epoch=0371 Loss=0.4292
[2025-03-17 03:49:53] Epoch=0372 Loss=0.4454
[2025-03-17 03:51:34] Epoch=0373 Loss=0.4199
[2025-03-17 03:53:02] Epoch=0374 Loss=0.4177
[2025-03-17 03:54:39] Epoch=0375 Loss=0.4187
[2025-03-17 03:56:11] Epoch=0376 Loss=0.4069
[2025-03-17 03:57:50] Epoch=0377 Loss=0.3954
[2025-03-17 03:59:42] Epoch=0378 Loss=0.3995
[2025-03-17 04:01:21] Epoch=0379 Loss=0.4065
[2025-03-17 04:02:57] Epoch=0380 Loss=0.4062
[2025-03-17 04:04:36] Epoch=0381 Loss=0.4079
[2025-03-17 04:06:15] Epoch=0382 Loss=0.4071
[2025-03-17 04:08:02] Epoch=0383 Loss=0.4209
[2025-03-17 04:09:37] Epoch=0384 Loss=0.4161
[2025-03-17 04:11:08] Epoch=0385 Loss=0.4265
[2025-03-17 04:12:43] Epoch=0386 Loss=0.4468
[2025-03-17 04:14:21] Epoch=0387 Loss=0.4512
[2025-03-17 04:16:07] Epoch=0388 Loss=0.4369
[2025-03-17 04:17:44] Epoch=0389 Loss=0.4275
[2025-03-17 04:19:28] Epoch=0390 Loss=0.4236
[2025-03-17 04:21:03] Epoch=0391 Loss=0.4097
[2025-03-17 04:22:43] Epoch=0392 Loss=0.3996
[2025-03-17 04:24:29] Epoch=0393 Loss=0.3818
[2025-03-17 04:26:03] Epoch=0394 Loss=0.3775
[2025-03-17 04:27:40] Epoch=0395 Loss=0.3832
[2025-03-17 04:29:24] Epoch=0396 Loss=0.3977
[2025-03-17 04:30:55] Epoch=0397 Loss=0.3856
[2025-03-17 04:32:32] Epoch=0398 Loss=0.3833
[2025-03-17 04:34:05] Epoch=0399 Loss=0.3905
[2025-03-17 04:35:37] Epoch=0400 Loss=0.4044
[2025-03-17 04:37:20] Epoch=0401 Loss=0.4321
[2025-03-17 04:38:53] Epoch=0402 Loss=0.4095
[2025-03-17 04:40:32] Epoch=0403 Loss=0.3993
[2025-03-17 04:42:11] Epoch=0404 Loss=0.4182
[2025-03-17 04:43:38] Epoch=0405 Loss=0.4310
[2025-03-17 04:45:23] Epoch=0406 Loss=0.4821
[2025-03-17 04:47:03] Epoch=0407 Loss=0.4863
[2025-03-17 04:48:39] Epoch=0408 Loss=0.4433
[2025-03-17 04:50:12] Epoch=0409 Loss=0.4251
[2025-03-17 04:51:52] Epoch=0410 Loss=0.4072
[2025-03-17 04:53:26] Epoch=0411 Loss=0.3992
[2025-03-17 04:55:03] Epoch=0412 Loss=0.3973
[2025-03-17 04:56:40] Epoch=0413 Loss=0.4042
[2025-03-17 04:58:19] Epoch=0414 Loss=0.4067
[2025-03-17 04:59:58] Epoch=0415 Loss=0.4016
[2025-03-17 05:01:33] Epoch=0416 Loss=0.3952
[2025-03-17 05:03:06] Epoch=0417 Loss=0.3895
[2025-03-17 05:04:38] Epoch=0418 Loss=0.3845
[2025-03-17 05:06:21] Epoch=0419 Loss=0.3826
[2025-03-17 05:07:58] Epoch=0420 Loss=0.3809
[2025-03-17 05:09:33] Epoch=0421 Loss=0.3799
[2025-03-17 05:11:14] Epoch=0422 Loss=0.3909
[2025-03-17 05:12:58] Epoch=0423 Loss=0.3929
[2025-03-17 05:14:39] Epoch=0424 Loss=0.3950
[2025-03-17 05:16:20] Epoch=0425 Loss=0.4028
[2025-03-17 05:18:08] Epoch=0426 Loss=0.4088
[2025-03-17 05:19:42] Epoch=0427 Loss=0.4427
[2025-03-17 05:21:23] Epoch=0428 Loss=0.4339
[2025-03-17 05:23:00] Epoch=0429 Loss=0.4211
[2025-03-17 05:24:47] Epoch=0430 Loss=0.3951
[2025-03-17 05:26:23] Epoch=0431 Loss=0.3879
[2025-03-17 05:27:55] Epoch=0432 Loss=0.4032
[2025-03-17 05:29:28] Epoch=0433 Loss=0.3988
[2025-03-17 05:31:08] Epoch=0434 Loss=0.3953
[2025-03-17 05:32:36] Epoch=0435 Loss=0.4079
[2025-03-17 05:34:19] Epoch=0436 Loss=0.4111
[2025-03-17 05:36:05] Epoch=0437 Loss=0.3978
[2025-03-17 05:37:51] Epoch=0438 Loss=0.3923
[2025-03-17 05:39:25] Epoch=0439 Loss=0.3895
[2025-03-17 05:41:00] Epoch=0440 Loss=0.3869
[2025-03-17 05:42:38] Epoch=0441 Loss=0.3785
[2025-03-17 05:44:15] Epoch=0442 Loss=0.4066
[2025-03-17 05:45:52] Epoch=0443 Loss=0.4129
[2025-03-17 05:47:26] Epoch=0444 Loss=0.3885
[2025-03-17 05:47:26] Training completed.
[2025-03-17 05:47:26] Min train loss: 0.3775 | Epoch: 0393
[2025-03-17 05:47:26] Save to /public/home/Yule1/Desktop/DeepLearning/PPI/cell/data/mdl_ge_128x256_2503161610
[2025-03-17 05:47:27] Save train loss curve to /public/home/Yule1/Desktop/DeepLearning/PPI/cell/data/mdl_ge_128x256_2503161610/loss.pkl
[2025-03-17 05:47:27] Save /public/home/Yule1/Desktop/DeepLearning/PPI/cell/data/mdl_ge_128x256_2503161610/GraphSAGEembeddings.npy
