[2025-03-17 10:00:39] Check model.
[2025-03-17 10:00:39] Cell2Vec(
  (encoder): GATEncoder(
    (layers): ModuleList(
      (0): GATConv(
        (fc): Linear(in_features=972, out_features=256, bias=False)
        (feat_drop): Dropout(p=0.0, inplace=False)
        (attn_drop): Dropout(p=0.0, inplace=False)
        (leaky_relu): LeakyReLU(negative_slope=0.2)
      )
      (1): GATConv(
        (fc): Linear(in_features=256, out_features=128, bias=False)
        (feat_drop): Dropout(p=0.0, inplace=False)
        (attn_drop): Dropout(p=0.0, inplace=False)
        (leaky_relu): LeakyReLU(negative_slope=0.2)
      )
    )
  )
  (embeddings): Embedding(39, 256)
  (projector): Sequential(
    (0): Linear(in_features=128, out_features=256, bias=True)
    (1): Dropout(p=0.5, inplace=False)
  )
)
[2025-03-17 10:00:39] Start training.
[2025-03-17 10:05:46] Epoch=0001 Loss=1.2896
[2025-03-17 10:10:57] Epoch=0002 Loss=0.6627
[2025-03-17 10:16:00] Epoch=0003 Loss=0.4027
[2025-03-17 10:21:02] Epoch=0004 Loss=0.2686
[2025-03-17 10:26:05] Epoch=0005 Loss=0.3032
[2025-03-17 10:31:17] Epoch=0006 Loss=0.1887
[2025-03-17 10:36:24] Epoch=0007 Loss=0.1757
[2025-03-17 10:41:40] Epoch=0008 Loss=0.1912
[2025-03-17 10:46:44] Epoch=0009 Loss=0.1116
[2025-03-17 10:51:51] Epoch=0010 Loss=0.1032
[2025-03-17 10:56:55] Epoch=0011 Loss=0.1046
[2025-03-17 11:01:59] Epoch=0012 Loss=0.0963
[2025-03-17 11:07:04] Epoch=0013 Loss=0.1068
[2025-03-17 11:10:06] Epoch=0014 Loss=0.0991
[2025-03-17 11:12:21] Epoch=0015 Loss=0.0925
[2025-03-17 11:14:09] Epoch=0016 Loss=0.0891
[2025-03-17 11:16:12] Epoch=0017 Loss=0.0874
[2025-03-17 11:18:13] Epoch=0018 Loss=0.0888
[2025-03-17 11:20:01] Epoch=0019 Loss=0.0852
[2025-03-17 11:21:53] Epoch=0020 Loss=0.0880
[2025-03-17 11:23:43] Epoch=0021 Loss=0.0884
[2025-03-17 11:25:35] Epoch=0022 Loss=0.0921
[2025-03-17 11:27:23] Epoch=0023 Loss=0.0876
[2025-03-17 11:29:10] Epoch=0024 Loss=0.0896
[2025-03-17 11:31:02] Epoch=0025 Loss=0.0808
[2025-03-17 11:32:50] Epoch=0026 Loss=0.0710
[2025-03-17 11:34:41] Epoch=0027 Loss=0.0690
[2025-03-17 11:36:29] Epoch=0028 Loss=0.0713
[2025-03-17 11:38:29] Epoch=0029 Loss=0.0752
[2025-03-17 11:40:30] Epoch=0030 Loss=0.0719
[2025-03-17 11:42:32] Epoch=0031 Loss=0.0800
[2025-03-17 11:44:34] Epoch=0032 Loss=0.0800
[2025-03-17 11:46:34] Epoch=0033 Loss=0.0736
[2025-03-17 11:48:22] Epoch=0034 Loss=0.0733
[2025-03-17 11:50:13] Epoch=0035 Loss=0.0768
[2025-03-17 11:52:09] Epoch=0036 Loss=0.0770
[2025-03-17 11:54:00] Epoch=0037 Loss=0.0758
[2025-03-17 11:55:56] Epoch=0038 Loss=0.0816
[2025-03-17 11:57:48] Epoch=0039 Loss=0.0763
[2025-03-17 11:59:35] Epoch=0040 Loss=0.0754
[2025-03-17 12:01:30] Epoch=0041 Loss=0.0738
[2025-03-17 12:03:25] Epoch=0042 Loss=0.0759
[2025-03-17 12:05:16] Epoch=0043 Loss=0.0793
[2025-03-17 12:07:06] Epoch=0044 Loss=0.0695
[2025-03-17 12:09:01] Epoch=0045 Loss=0.0680
[2025-03-17 12:10:52] Epoch=0046 Loss=0.0664
[2025-03-17 12:12:49] Epoch=0047 Loss=0.0658
[2025-03-17 12:14:40] Epoch=0048 Loss=0.0662
[2025-03-17 12:16:37] Epoch=0049 Loss=0.0638
[2025-03-17 12:18:26] Epoch=0050 Loss=0.0598
[2025-03-17 12:20:21] Epoch=0051 Loss=0.0620
[2025-03-17 12:22:16] Epoch=0052 Loss=0.0624
[2025-03-17 12:24:09] Epoch=0053 Loss=0.0656
[2025-03-17 12:25:59] Epoch=0054 Loss=0.0652
[2025-03-17 12:27:59] Epoch=0055 Loss=0.0656
[2025-03-17 12:29:48] Epoch=0056 Loss=0.0661
[2025-03-17 12:31:47] Epoch=0057 Loss=0.0665
[2025-03-17 12:33:35] Epoch=0058 Loss=0.0655
[2025-03-17 12:35:25] Epoch=0059 Loss=0.0699
[2025-03-17 12:37:16] Epoch=0060 Loss=0.0750
[2025-03-17 12:39:09] Epoch=0061 Loss=0.0720
[2025-03-17 12:40:58] Epoch=0062 Loss=0.0708
[2025-03-17 12:42:54] Epoch=0063 Loss=0.0735
[2025-03-17 12:44:45] Epoch=0064 Loss=0.0733
[2025-03-17 12:46:39] Epoch=0065 Loss=0.0692
[2025-03-17 12:48:29] Epoch=0066 Loss=0.0657
[2025-03-17 12:50:18] Epoch=0067 Loss=0.0655
[2025-03-17 12:52:11] Epoch=0068 Loss=0.0637
[2025-03-17 12:54:06] Epoch=0069 Loss=0.0645
[2025-03-17 12:55:57] Epoch=0070 Loss=0.0622
[2025-03-17 12:57:46] Epoch=0071 Loss=0.0615
[2025-03-17 12:59:33] Epoch=0072 Loss=0.0618
[2025-03-17 13:01:20] Epoch=0073 Loss=0.0584
[2025-03-17 13:03:11] Epoch=0074 Loss=0.0567
[2025-03-17 13:04:59] Epoch=0075 Loss=0.0569
[2025-03-17 13:06:50] Epoch=0076 Loss=0.0575
[2025-03-17 13:08:44] Epoch=0077 Loss=0.0575
[2025-03-17 13:10:36] Epoch=0078 Loss=0.0566
[2025-03-17 13:12:29] Epoch=0079 Loss=0.0598
[2025-03-17 13:14:24] Epoch=0080 Loss=0.0635
[2025-03-17 13:16:15] Epoch=0081 Loss=0.0664
[2025-03-17 13:18:04] Epoch=0082 Loss=0.0652
[2025-03-17 13:19:59] Epoch=0083 Loss=0.0673
[2025-03-17 13:21:48] Epoch=0084 Loss=0.0728
[2025-03-17 13:23:37] Epoch=0085 Loss=0.0695
[2025-03-17 13:25:29] Epoch=0086 Loss=0.0637
[2025-03-17 13:27:24] Epoch=0087 Loss=0.0606
[2025-03-17 13:29:12] Epoch=0088 Loss=0.0602
[2025-03-17 13:31:05] Epoch=0089 Loss=0.0619
[2025-03-17 13:33:07] Epoch=0090 Loss=0.0645
[2025-03-17 13:34:56] Epoch=0091 Loss=0.0659
[2025-03-17 13:36:48] Epoch=0092 Loss=0.0637
[2025-03-17 13:38:34] Epoch=0093 Loss=0.0658
[2025-03-17 13:40:25] Epoch=0094 Loss=0.0673
[2025-03-17 13:42:14] Epoch=0095 Loss=0.0620
[2025-03-17 13:44:08] Epoch=0096 Loss=0.0604
[2025-03-17 13:45:56] Epoch=0097 Loss=0.0578
[2025-03-17 13:46:19] Epoch=0098 Loss=0.0564
[2025-03-17 13:46:22] Epoch=0099 Loss=0.0564
[2025-03-17 13:46:25] Epoch=0100 Loss=0.0604
[2025-03-17 13:46:28] Epoch=0101 Loss=0.0596
[2025-03-17 13:46:32] Epoch=0102 Loss=0.0593
[2025-03-17 13:46:35] Epoch=0103 Loss=0.0615
[2025-03-17 13:46:38] Epoch=0104 Loss=0.0634
[2025-03-17 13:46:42] Epoch=0105 Loss=0.0633
[2025-03-17 13:46:45] Epoch=0106 Loss=0.0648
[2025-03-17 13:46:48] Epoch=0107 Loss=0.0657
[2025-03-17 13:46:51] Epoch=0108 Loss=0.0631
[2025-03-17 13:46:55] Epoch=0109 Loss=0.0595
[2025-03-17 13:46:58] Epoch=0110 Loss=0.0607
[2025-03-17 13:47:01] Epoch=0111 Loss=0.0609
[2025-03-17 13:47:07] Epoch=0112 Loss=0.0621
[2025-03-17 13:47:11] Epoch=0113 Loss=0.0588
[2025-03-17 13:47:14] Epoch=0114 Loss=0.0567
[2025-03-17 13:47:21] Epoch=0115 Loss=0.0540
[2025-03-17 13:47:24] Epoch=0116 Loss=0.0537
[2025-03-17 13:47:28] Epoch=0117 Loss=0.0548
[2025-03-17 13:47:31] Epoch=0118 Loss=0.0538
[2025-03-17 13:47:34] Epoch=0119 Loss=0.0535
[2025-03-17 13:47:38] Epoch=0120 Loss=0.0526
[2025-03-17 13:47:41] Epoch=0121 Loss=0.0546
[2025-03-17 13:47:44] Epoch=0122 Loss=0.0549
[2025-03-17 13:47:48] Epoch=0123 Loss=0.0551
[2025-03-17 13:47:52] Epoch=0124 Loss=0.0578
[2025-03-17 13:47:56] Epoch=0125 Loss=0.0587
[2025-03-17 13:47:59] Epoch=0126 Loss=0.0578
[2025-03-17 13:48:03] Epoch=0127 Loss=0.0562
[2025-03-17 13:48:06] Epoch=0128 Loss=0.0570
[2025-03-17 13:48:09] Epoch=0129 Loss=0.0622
[2025-03-17 13:48:12] Epoch=0130 Loss=0.0667
[2025-03-17 13:48:16] Epoch=0131 Loss=0.0664
[2025-03-17 13:48:19] Epoch=0132 Loss=0.0664
[2025-03-17 13:48:22] Epoch=0133 Loss=0.0625
[2025-03-17 13:48:26] Epoch=0134 Loss=0.0590
[2025-03-17 13:48:29] Epoch=0135 Loss=0.0548
[2025-03-17 13:48:34] Epoch=0136 Loss=0.0525
[2025-03-17 13:48:39] Epoch=0137 Loss=0.0504
[2025-03-17 13:48:43] Epoch=0138 Loss=0.0499
[2025-03-17 13:48:46] Epoch=0139 Loss=0.0489
[2025-03-17 13:48:49] Epoch=0140 Loss=0.0530
[2025-03-17 13:48:53] Epoch=0141 Loss=0.0526
[2025-03-17 13:48:56] Epoch=0142 Loss=0.0554
[2025-03-17 13:49:02] Epoch=0143 Loss=0.0531
[2025-03-17 13:49:05] Epoch=0144 Loss=0.0526
[2025-03-17 13:49:09] Epoch=0145 Loss=0.0505
[2025-03-17 13:49:12] Epoch=0146 Loss=0.0519
[2025-03-17 13:49:15] Epoch=0147 Loss=0.0514
[2025-03-17 13:49:24] Epoch=0148 Loss=0.0526
[2025-03-17 13:49:29] Epoch=0149 Loss=0.0517
[2025-03-17 13:49:32] Epoch=0150 Loss=0.0548
[2025-03-17 13:49:40] Epoch=0151 Loss=0.0532
[2025-03-17 13:49:43] Epoch=0152 Loss=0.0548
[2025-03-17 13:49:47] Epoch=0153 Loss=0.0513
[2025-03-17 13:49:50] Epoch=0154 Loss=0.0524
[2025-03-17 13:49:53] Epoch=0155 Loss=0.0524
[2025-03-17 13:49:57] Epoch=0156 Loss=0.0530
[2025-03-17 13:50:00] Epoch=0157 Loss=0.0517
[2025-03-17 13:50:03] Epoch=0158 Loss=0.0523
[2025-03-17 13:50:06] Epoch=0159 Loss=0.0528
[2025-03-17 13:50:10] Epoch=0160 Loss=0.0542
[2025-03-17 13:50:13] Epoch=0161 Loss=0.0539
[2025-03-17 13:50:16] Epoch=0162 Loss=0.0571
[2025-03-17 13:50:20] Epoch=0163 Loss=0.0598
[2025-03-17 13:50:23] Epoch=0164 Loss=0.0675
[2025-03-17 13:50:26] Epoch=0165 Loss=0.0624
[2025-03-17 13:50:29] Epoch=0166 Loss=0.0553
[2025-03-17 13:50:36] Epoch=0167 Loss=0.0533
[2025-03-17 13:50:39] Epoch=0168 Loss=0.0531
[2025-03-17 13:50:43] Epoch=0169 Loss=0.0532
[2025-03-17 13:50:46] Epoch=0170 Loss=0.0517
[2025-03-17 13:50:49] Epoch=0171 Loss=0.0514
[2025-03-17 13:50:54] Epoch=0172 Loss=0.0516
[2025-03-17 13:50:58] Epoch=0173 Loss=0.0524
[2025-03-17 13:51:01] Epoch=0174 Loss=0.0522
[2025-03-17 13:51:04] Epoch=0175 Loss=0.0524
[2025-03-17 13:51:08] Epoch=0176 Loss=0.0555
[2025-03-17 13:51:11] Epoch=0177 Loss=0.0546
[2025-03-17 13:51:14] Epoch=0178 Loss=0.0558
[2025-03-17 13:51:18] Epoch=0179 Loss=0.0558
[2025-03-17 13:51:21] Epoch=0180 Loss=0.0586
[2025-03-17 13:51:24] Epoch=0181 Loss=0.0592
[2025-03-17 13:51:28] Epoch=0182 Loss=0.0604
[2025-03-17 13:51:31] Epoch=0183 Loss=0.0568
[2025-03-17 13:51:34] Epoch=0184 Loss=0.0568
[2025-03-17 13:51:37] Epoch=0185 Loss=0.0508
[2025-03-17 13:51:41] Epoch=0186 Loss=0.0517
[2025-03-17 13:51:47] Epoch=0187 Loss=0.0496
[2025-03-17 13:51:51] Epoch=0188 Loss=0.0492
[2025-03-17 13:51:58] Epoch=0189 Loss=0.0472
[2025-03-17 13:52:03] Epoch=0190 Loss=0.0481
[2025-03-17 13:52:06] Epoch=0191 Loss=0.0465
[2025-03-17 13:52:10] Epoch=0192 Loss=0.0468
[2025-03-17 13:52:14] Epoch=0193 Loss=0.0467
[2025-03-17 13:52:17] Epoch=0194 Loss=0.0478
[2025-03-17 13:52:20] Epoch=0195 Loss=0.0484
[2025-03-17 13:52:24] Epoch=0196 Loss=0.0512
[2025-03-17 13:52:27] Epoch=0197 Loss=0.0507
[2025-03-17 13:52:30] Epoch=0198 Loss=0.0518
[2025-03-17 13:52:33] Epoch=0199 Loss=0.0515
[2025-03-17 13:52:37] Epoch=0200 Loss=0.0577
[2025-03-17 13:52:40] Epoch=0201 Loss=0.0565
[2025-03-17 13:52:43] Epoch=0202 Loss=0.0542
[2025-03-17 13:52:47] Epoch=0203 Loss=0.0519
[2025-03-17 13:52:50] Epoch=0204 Loss=0.0511
[2025-03-17 13:52:54] Epoch=0205 Loss=0.0491
[2025-03-17 13:52:57] Epoch=0206 Loss=0.0493
[2025-03-17 13:53:00] Epoch=0207 Loss=0.0482
[2025-03-17 13:53:03] Epoch=0208 Loss=0.0481
[2025-03-17 13:53:09] Epoch=0209 Loss=0.0486
[2025-03-17 13:53:12] Epoch=0210 Loss=0.0501
[2025-03-17 13:53:15] Epoch=0211 Loss=0.0496
[2025-03-17 13:53:19] Epoch=0212 Loss=0.0496
[2025-03-17 13:53:22] Epoch=0213 Loss=0.0475
[2025-03-17 13:53:25] Epoch=0214 Loss=0.0469
[2025-03-17 13:53:28] Epoch=0215 Loss=0.0467
[2025-03-17 13:53:32] Epoch=0216 Loss=0.0468
[2025-03-17 13:53:35] Epoch=0217 Loss=0.0471
[2025-03-17 13:53:38] Epoch=0218 Loss=0.0474
[2025-03-17 13:53:41] Epoch=0219 Loss=0.0478
[2025-03-17 13:53:45] Epoch=0220 Loss=0.0500
[2025-03-17 13:53:48] Epoch=0221 Loss=0.0512
[2025-03-17 13:53:51] Epoch=0222 Loss=0.0578
[2025-03-17 13:53:58] Epoch=0223 Loss=0.0573
[2025-03-17 13:54:01] Epoch=0224 Loss=0.0561
[2025-03-17 13:54:05] Epoch=0225 Loss=0.0532
[2025-03-17 13:54:08] Epoch=0226 Loss=0.0523
[2025-03-17 13:54:12] Epoch=0227 Loss=0.0528
[2025-03-17 13:54:15] Epoch=0228 Loss=0.0542
[2025-03-17 13:54:18] Epoch=0229 Loss=0.0531
[2025-03-17 13:54:22] Epoch=0230 Loss=0.0532
[2025-03-17 13:54:25] Epoch=0231 Loss=0.0469
[2025-03-17 13:54:28] Epoch=0232 Loss=0.0457
[2025-03-17 13:54:32] Epoch=0233 Loss=0.0452
[2025-03-17 13:54:35] Epoch=0234 Loss=0.0448
[2025-03-17 13:54:38] Epoch=0235 Loss=0.0457
[2025-03-17 13:54:43] Epoch=0236 Loss=0.0479
[2025-03-17 13:54:46] Epoch=0237 Loss=0.0494
[2025-03-17 13:54:49] Epoch=0238 Loss=0.0476
[2025-03-17 13:54:55] Epoch=0239 Loss=0.0474
[2025-03-17 13:54:58] Epoch=0240 Loss=0.0473
[2025-03-17 13:55:01] Epoch=0241 Loss=0.0493
[2025-03-17 13:55:05] Epoch=0242 Loss=0.0480
[2025-03-17 13:55:09] Epoch=0243 Loss=0.0486
[2025-03-17 13:55:12] Epoch=0244 Loss=0.0478
[2025-03-17 13:55:16] Epoch=0245 Loss=0.0473
[2025-03-17 13:55:19] Epoch=0246 Loss=0.0473
[2025-03-17 13:55:22] Epoch=0247 Loss=0.0490
[2025-03-17 13:55:25] Epoch=0248 Loss=0.0487
[2025-03-17 13:55:29] Epoch=0249 Loss=0.0496
[2025-03-17 13:55:32] Epoch=0250 Loss=0.0500
[2025-03-17 13:55:36] Epoch=0251 Loss=0.0511
[2025-03-17 13:55:39] Epoch=0252 Loss=0.0506
[2025-03-17 13:55:42] Epoch=0253 Loss=0.0516
[2025-03-17 13:55:45] Epoch=0254 Loss=0.0503
[2025-03-17 13:55:49] Epoch=0255 Loss=0.0508
[2025-03-17 13:55:52] Epoch=0256 Loss=0.0502
[2025-03-17 13:55:55] Epoch=0257 Loss=0.0507
[2025-03-17 13:55:59] Epoch=0258 Loss=0.0501
[2025-03-17 13:56:02] Epoch=0259 Loss=0.0484
[2025-03-17 13:56:05] Epoch=0260 Loss=0.0475
[2025-03-17 13:56:08] Epoch=0261 Loss=0.0543
[2025-03-17 13:56:12] Epoch=0262 Loss=0.0490
[2025-03-17 13:56:15] Epoch=0263 Loss=0.0465
[2025-03-17 13:56:18] Epoch=0264 Loss=0.0454
[2025-03-17 13:56:22] Epoch=0265 Loss=0.0446
[2025-03-17 13:56:29] Epoch=0266 Loss=0.0442
[2025-03-17 13:56:35] Epoch=0267 Loss=0.0442
[2025-03-17 13:56:38] Epoch=0268 Loss=0.0440
[2025-03-17 13:56:41] Epoch=0269 Loss=0.0441
[2025-03-17 13:56:45] Epoch=0270 Loss=0.0461
[2025-03-17 13:56:48] Epoch=0271 Loss=0.0465
[2025-03-17 13:56:51] Epoch=0272 Loss=0.0470
[2025-03-17 13:56:54] Epoch=0273 Loss=0.0466
[2025-03-17 13:56:58] Epoch=0274 Loss=0.0460
[2025-03-17 13:57:01] Epoch=0275 Loss=0.0452
[2025-03-17 13:57:05] Epoch=0276 Loss=0.0450
[2025-03-17 13:57:08] Epoch=0277 Loss=0.0475
[2025-03-17 13:57:17] Epoch=0278 Loss=0.0465
[2025-03-17 13:57:20] Epoch=0279 Loss=0.0465
[2025-03-17 13:57:36] Epoch=0280 Loss=0.0454
[2025-03-17 13:57:39] Epoch=0281 Loss=0.0454
[2025-03-17 13:57:42] Epoch=0282 Loss=0.0454
[2025-03-17 13:57:46] Epoch=0283 Loss=0.0456
[2025-03-17 13:57:50] Epoch=0284 Loss=0.0446
[2025-03-17 13:57:53] Epoch=0285 Loss=0.0452
[2025-03-17 13:57:56] Epoch=0286 Loss=0.0467
[2025-03-17 13:58:01] Epoch=0287 Loss=0.0490
[2025-03-17 13:58:05] Epoch=0288 Loss=0.0505
[2025-03-17 13:58:08] Epoch=0289 Loss=0.0512
[2025-03-17 13:58:11] Epoch=0290 Loss=0.0490
[2025-03-17 13:58:15] Epoch=0291 Loss=0.0487
[2025-03-17 13:58:18] Epoch=0292 Loss=0.0481
[2025-03-17 13:58:21] Epoch=0293 Loss=0.0472
[2025-03-17 13:58:24] Epoch=0294 Loss=0.0460
[2025-03-17 13:58:28] Epoch=0295 Loss=0.0457
[2025-03-17 13:58:31] Epoch=0296 Loss=0.0451
[2025-03-17 13:58:34] Epoch=0297 Loss=0.0456
[2025-03-17 13:58:38] Epoch=0298 Loss=0.0451
[2025-03-17 13:58:41] Epoch=0299 Loss=0.0460
[2025-03-17 13:58:44] Epoch=0300 Loss=0.0453
[2025-03-17 13:58:47] Epoch=0301 Loss=0.0447
[2025-03-17 13:58:52] Epoch=0302 Loss=0.0459
[2025-03-17 13:58:57] Epoch=0303 Loss=0.0457
[2025-03-17 13:59:00] Epoch=0304 Loss=0.0452
[2025-03-17 13:59:03] Epoch=0305 Loss=0.0452
[2025-03-17 13:59:09] Epoch=0306 Loss=0.0444
[2025-03-17 13:59:12] Epoch=0307 Loss=0.0439
[2025-03-17 13:59:16] Epoch=0308 Loss=0.0434
[2025-03-17 13:59:19] Epoch=0309 Loss=0.0442
[2025-03-17 13:59:22] Epoch=0310 Loss=0.0451
[2025-03-17 13:59:27] Epoch=0311 Loss=0.0461
[2025-03-17 13:59:30] Epoch=0312 Loss=0.0450
[2025-03-17 13:59:33] Epoch=0313 Loss=0.0454
[2025-03-17 13:59:37] Epoch=0314 Loss=0.0446
[2025-03-17 13:59:40] Epoch=0315 Loss=0.0446
[2025-03-17 13:59:43] Epoch=0316 Loss=0.0446
[2025-03-17 13:59:47] Epoch=0317 Loss=0.0449
[2025-03-17 13:59:50] Epoch=0318 Loss=0.0509
[2025-03-17 13:59:53] Epoch=0319 Loss=0.0515
[2025-03-17 13:59:56] Epoch=0320 Loss=0.0483
[2025-03-17 14:00:00] Epoch=0321 Loss=0.0515
[2025-03-17 14:00:03] Epoch=0322 Loss=0.0517
[2025-03-17 14:00:06] Epoch=0323 Loss=0.0466
[2025-03-17 14:00:10] Epoch=0324 Loss=0.0453
[2025-03-17 14:00:13] Epoch=0325 Loss=0.0444
[2025-03-17 14:00:16] Epoch=0326 Loss=0.0439
[2025-03-17 14:00:19] Epoch=0327 Loss=0.0434
[2025-03-17 14:00:23] Epoch=0328 Loss=0.0432
[2025-03-17 14:00:26] Epoch=0329 Loss=0.0431
[2025-03-17 14:00:29] Epoch=0330 Loss=0.0430
[2025-03-17 14:00:33] Epoch=0331 Loss=0.0432
[2025-03-17 14:00:37] Epoch=0332 Loss=0.0452
[2025-03-17 14:00:40] Epoch=0333 Loss=0.0451
[2025-03-17 14:00:43] Epoch=0334 Loss=0.0481
[2025-03-17 14:00:46] Epoch=0335 Loss=0.0509
[2025-03-17 14:00:50] Epoch=0336 Loss=0.0510
[2025-03-17 14:00:53] Epoch=0337 Loss=0.0484
[2025-03-17 14:00:56] Epoch=0338 Loss=0.0466
[2025-03-17 14:01:01] Epoch=0339 Loss=0.0452
[2025-03-17 14:01:04] Epoch=0340 Loss=0.0445
[2025-03-17 14:01:07] Epoch=0341 Loss=0.0438
[2025-03-17 14:01:11] Epoch=0342 Loss=0.0435
[2025-03-17 14:01:14] Epoch=0343 Loss=0.0433
[2025-03-17 14:01:17] Epoch=0344 Loss=0.0436
[2025-03-17 14:01:21] Epoch=0345 Loss=0.0429
[2025-03-17 14:01:24] Epoch=0346 Loss=0.0424
[2025-03-17 14:01:27] Epoch=0347 Loss=0.0423
[2025-03-17 14:01:30] Epoch=0348 Loss=0.0424
[2025-03-17 14:01:34] Epoch=0349 Loss=0.0435
[2025-03-17 14:01:37] Epoch=0350 Loss=0.0430
[2025-03-17 14:01:47] Epoch=0351 Loss=0.0435
[2025-03-17 14:01:50] Epoch=0352 Loss=0.0438
[2025-03-17 14:01:54] Epoch=0353 Loss=0.0454
[2025-03-17 14:01:59] Epoch=0354 Loss=0.0476
[2025-03-17 14:02:04] Epoch=0355 Loss=0.0483
[2025-03-17 14:02:07] Epoch=0356 Loss=0.0468
[2025-03-17 14:02:11] Epoch=0357 Loss=0.0470
[2025-03-17 14:02:14] Epoch=0358 Loss=0.0462
[2025-03-17 14:02:17] Epoch=0359 Loss=0.0458
[2025-03-17 14:02:21] Epoch=0360 Loss=0.0439
[2025-03-17 14:02:24] Epoch=0361 Loss=0.0436
[2025-03-17 14:02:27] Epoch=0362 Loss=0.0442
[2025-03-17 14:02:31] Epoch=0363 Loss=0.0445
[2025-03-17 14:02:34] Epoch=0364 Loss=0.0447
[2025-03-17 14:02:37] Epoch=0365 Loss=0.0447
[2025-03-17 14:02:41] Epoch=0366 Loss=0.0431
[2025-03-17 14:02:44] Epoch=0367 Loss=0.0451
[2025-03-17 14:02:47] Epoch=0368 Loss=0.0446
[2025-03-17 14:02:51] Epoch=0369 Loss=0.0436
[2025-03-17 14:02:54] Epoch=0370 Loss=0.0428
[2025-03-17 14:02:58] Epoch=0371 Loss=0.0430
[2025-03-17 14:03:01] Epoch=0372 Loss=0.0433
[2025-03-17 14:03:04] Epoch=0373 Loss=0.0434
[2025-03-17 14:03:07] Epoch=0374 Loss=0.0436
[2025-03-17 14:03:11] Epoch=0375 Loss=0.0437
[2025-03-17 14:03:14] Epoch=0376 Loss=0.0437
[2025-03-17 14:03:17] Epoch=0377 Loss=0.0434
[2025-03-17 14:03:21] Epoch=0378 Loss=0.0435
[2025-03-17 14:03:24] Epoch=0379 Loss=0.0435
[2025-03-17 14:03:27] Epoch=0380 Loss=0.0455
[2025-03-17 14:03:30] Epoch=0381 Loss=0.0439
[2025-03-17 14:03:36] Epoch=0382 Loss=0.0428
[2025-03-17 14:03:43] Epoch=0383 Loss=0.0430
[2025-03-17 14:03:48] Epoch=0384 Loss=0.0428
[2025-03-17 14:03:51] Epoch=0385 Loss=0.0432
[2025-03-17 14:03:54] Epoch=0386 Loss=0.0471
[2025-03-17 14:03:57] Epoch=0387 Loss=0.0628
[2025-03-17 14:04:02] Epoch=0388 Loss=0.0663
[2025-03-17 14:04:05] Epoch=0389 Loss=0.0519
[2025-03-17 14:04:09] Epoch=0390 Loss=0.0484
[2025-03-17 14:04:12] Epoch=0391 Loss=0.0451
[2025-03-17 14:04:16] Epoch=0392 Loss=0.0441
[2025-03-17 14:04:19] Epoch=0393 Loss=0.0436
[2025-03-17 14:04:22] Epoch=0394 Loss=0.0433
[2025-03-17 14:04:26] Epoch=0395 Loss=0.0431
[2025-03-17 14:04:29] Epoch=0396 Loss=0.0431
[2025-03-17 14:04:39] Epoch=0397 Loss=0.0427
[2025-03-17 14:04:39] Training completed.
[2025-03-17 14:04:39] Min train loss: 0.0423 | Epoch: 0346
[2025-03-17 14:04:39] Save to /public/home/Yule1/Desktop/DeepLearning/PPI/cell/data/mdl_mut_128x256_2503171000
[2025-03-17 14:04:39] Save train loss curve to /public/home/Yule1/Desktop/DeepLearning/PPI/cell/data/mdl_mut_128x256_2503171000/loss.pkl
[2025-03-17 14:04:39] Save /public/home/Yule1/Desktop/DeepLearning/PPI/cell/data/mdl_mut_128x256_2503171000/GATembeddings.npy
