[2025-03-16 15:51:39] Check model.
[2025-03-16 15:51:39] Cell2Vec(
  (encoder): GATEncoder(
    (layers): ModuleList(
      (0): GATConv(
        (fc): Linear(in_features=972, out_features=256, bias=False)
        (feat_drop): Dropout(p=0.0, inplace=False)
        (attn_drop): Dropout(p=0.0, inplace=False)
        (leaky_relu): LeakyReLU(negative_slope=0.2)
      )
      (1): GATConv(
        (fc): Linear(in_features=256, out_features=128, bias=False)
        (feat_drop): Dropout(p=0.0, inplace=False)
        (attn_drop): Dropout(p=0.0, inplace=False)
        (leaky_relu): LeakyReLU(negative_slope=0.2)
      )
    )
  )
  (embeddings): Embedding(39, 256)
  (projector): Sequential(
    (0): Linear(in_features=128, out_features=256, bias=True)
    (1): Dropout(p=0.5, inplace=False)
  )
)
[2025-03-16 15:51:39] Start training.
[2025-03-16 15:51:42] Epoch=0001 Loss=2.2273
[2025-03-16 15:51:45] Epoch=0002 Loss=1.6252
[2025-03-16 15:51:48] Epoch=0003 Loss=1.3805
[2025-03-16 15:51:52] Epoch=0004 Loss=1.2362
[2025-03-16 15:51:55] Epoch=0005 Loss=1.2244
[2025-03-16 15:51:58] Epoch=0006 Loss=1.1322
[2025-03-16 15:52:01] Epoch=0007 Loss=1.1196
[2025-03-16 15:52:05] Epoch=0008 Loss=1.1281
[2025-03-16 15:52:08] Epoch=0009 Loss=1.0612
[2025-03-16 15:52:11] Epoch=0010 Loss=1.0497
[2025-03-16 15:52:14] Epoch=0011 Loss=1.0391
[2025-03-16 15:52:20] Epoch=0012 Loss=1.0190
[2025-03-16 15:52:23] Epoch=0013 Loss=1.0203
[2025-03-16 15:52:27] Epoch=0014 Loss=1.0108
[2025-03-16 15:52:31] Epoch=0015 Loss=1.0105
[2025-03-16 15:52:36] Epoch=0016 Loss=1.0129
[2025-03-16 15:52:39] Epoch=0017 Loss=1.0195
[2025-03-16 15:52:47] Epoch=0018 Loss=1.0231
[2025-03-16 15:52:51] Epoch=0019 Loss=1.0165
[2025-03-16 15:52:54] Epoch=0020 Loss=1.0014
[2025-03-16 15:52:57] Epoch=0021 Loss=0.9920
[2025-03-16 15:53:00] Epoch=0022 Loss=0.9995
[2025-03-16 15:53:04] Epoch=0023 Loss=0.9820
[2025-03-16 15:53:07] Epoch=0024 Loss=0.9810
[2025-03-16 15:53:10] Epoch=0025 Loss=0.9928
[2025-03-16 15:53:13] Epoch=0026 Loss=0.9796
[2025-03-16 15:53:16] Epoch=0027 Loss=0.9631
[2025-03-16 15:53:19] Epoch=0028 Loss=0.9618
[2025-03-16 15:53:23] Epoch=0029 Loss=0.9611
[2025-03-16 15:53:26] Epoch=0030 Loss=0.9618
[2025-03-16 15:53:29] Epoch=0031 Loss=0.9644
[2025-03-16 15:53:32] Epoch=0032 Loss=0.9506
[2025-03-16 15:53:36] Epoch=0033 Loss=0.9414
[2025-03-16 15:53:39] Epoch=0034 Loss=0.9343
[2025-03-16 15:53:42] Epoch=0035 Loss=0.9413
[2025-03-16 15:53:45] Epoch=0036 Loss=0.9598
[2025-03-16 15:53:51] Epoch=0037 Loss=0.9458
[2025-03-16 15:53:57] Epoch=0038 Loss=0.9285
[2025-03-16 15:54:00] Epoch=0039 Loss=0.9191
[2025-03-16 15:54:03] Epoch=0040 Loss=0.9159
[2025-03-16 15:54:06] Epoch=0041 Loss=0.9144
[2025-03-16 15:54:11] Epoch=0042 Loss=0.9282
[2025-03-16 15:54:15] Epoch=0043 Loss=0.9202
[2025-03-16 15:54:26] Epoch=0044 Loss=0.9114
[2025-03-16 15:54:29] Epoch=0045 Loss=0.8912
[2025-03-16 15:54:33] Epoch=0046 Loss=0.8921
[2025-03-16 15:54:37] Epoch=0047 Loss=0.8854
[2025-03-16 15:54:40] Epoch=0048 Loss=0.8810
[2025-03-16 15:54:43] Epoch=0049 Loss=0.8693
[2025-03-16 15:54:47] Epoch=0050 Loss=0.8662
[2025-03-16 15:54:50] Epoch=0051 Loss=0.8663
[2025-03-16 15:54:53] Epoch=0052 Loss=0.8554
[2025-03-16 15:54:56] Epoch=0053 Loss=0.8507
[2025-03-16 15:54:59] Epoch=0054 Loss=0.8527
[2025-03-16 15:55:03] Epoch=0055 Loss=0.8591
[2025-03-16 15:55:07] Epoch=0056 Loss=0.8649
[2025-03-16 15:55:10] Epoch=0057 Loss=0.8818
[2025-03-16 15:55:13] Epoch=0058 Loss=0.8422
[2025-03-16 15:55:16] Epoch=0059 Loss=0.8253
[2025-03-16 15:55:20] Epoch=0060 Loss=0.8125
[2025-03-16 15:55:23] Epoch=0061 Loss=0.8137
[2025-03-16 15:55:37] Epoch=0062 Loss=0.8141
[2025-03-16 15:55:40] Epoch=0063 Loss=0.8073
[2025-03-16 15:55:43] Epoch=0064 Loss=0.8485
[2025-03-16 15:55:53] Epoch=0065 Loss=0.8479
[2025-03-16 15:55:56] Epoch=0066 Loss=0.8180
[2025-03-16 15:55:59] Epoch=0067 Loss=0.8181
[2025-03-16 15:56:03] Epoch=0068 Loss=0.8102
[2025-03-16 15:56:06] Epoch=0069 Loss=0.8014
[2025-03-16 15:56:09] Epoch=0070 Loss=0.7850
[2025-03-16 15:56:12] Epoch=0071 Loss=0.7661
[2025-03-16 15:56:16] Epoch=0072 Loss=0.7638
[2025-03-16 15:56:19] Epoch=0073 Loss=0.7637
[2025-03-16 15:56:26] Epoch=0074 Loss=0.7593
[2025-03-16 15:56:29] Epoch=0075 Loss=0.7703
[2025-03-16 15:56:32] Epoch=0076 Loss=0.7913
[2025-03-16 15:56:35] Epoch=0077 Loss=0.7835
[2025-03-16 15:56:38] Epoch=0078 Loss=0.7896
[2025-03-16 15:56:42] Epoch=0079 Loss=0.7761
[2025-03-16 15:56:45] Epoch=0080 Loss=0.7498
[2025-03-16 15:56:48] Epoch=0081 Loss=0.7521
[2025-03-16 15:56:51] Epoch=0082 Loss=0.7404
[2025-03-16 15:56:55] Epoch=0083 Loss=0.7331
[2025-03-16 15:56:59] Epoch=0084 Loss=0.7186
[2025-03-16 15:57:03] Epoch=0085 Loss=0.7173
[2025-03-16 15:57:06] Epoch=0086 Loss=0.7078
[2025-03-16 15:57:09] Epoch=0087 Loss=0.7150
[2025-03-16 15:57:14] Epoch=0088 Loss=0.7415
[2025-03-16 15:57:17] Epoch=0089 Loss=0.7375
[2025-03-16 15:57:20] Epoch=0090 Loss=0.7558
[2025-03-16 15:57:30] Epoch=0091 Loss=0.7092
[2025-03-16 15:57:34] Epoch=0092 Loss=0.7214
[2025-03-16 15:57:38] Epoch=0093 Loss=0.7492
[2025-03-16 15:57:44] Epoch=0094 Loss=0.7419
[2025-03-16 15:57:47] Epoch=0095 Loss=0.7042
[2025-03-16 15:58:01] Epoch=0096 Loss=0.6968
[2025-03-16 15:58:04] Epoch=0097 Loss=0.6831
[2025-03-16 15:58:08] Epoch=0098 Loss=0.6774
[2025-03-16 15:58:11] Epoch=0099 Loss=0.6915
[2025-03-16 15:58:14] Epoch=0100 Loss=0.6777
[2025-03-16 15:58:20] Epoch=0101 Loss=0.6948
[2025-03-16 15:58:23] Epoch=0102 Loss=0.6975
[2025-03-16 15:58:26] Epoch=0103 Loss=0.7172
[2025-03-16 15:58:30] Epoch=0104 Loss=0.7092
[2025-03-16 15:58:33] Epoch=0105 Loss=0.6715
[2025-03-16 15:58:36] Epoch=0106 Loss=0.6686
[2025-03-16 15:58:39] Epoch=0107 Loss=0.6497
[2025-03-16 15:58:48] Epoch=0108 Loss=0.6726
[2025-03-16 15:58:54] Epoch=0109 Loss=0.6722
[2025-03-16 15:58:59] Epoch=0110 Loss=0.6612
[2025-03-16 15:59:02] Epoch=0111 Loss=0.6657
[2025-03-16 15:59:06] Epoch=0112 Loss=0.6690
[2025-03-16 15:59:17] Epoch=0113 Loss=0.6867
[2025-03-16 15:59:20] Epoch=0114 Loss=0.6559
[2025-03-16 15:59:23] Epoch=0115 Loss=0.6554
[2025-03-16 15:59:26] Epoch=0116 Loss=0.6495
[2025-03-16 15:59:30] Epoch=0117 Loss=0.6329
[2025-03-16 15:59:33] Epoch=0118 Loss=0.6221
[2025-03-16 15:59:36] Epoch=0119 Loss=0.6244
[2025-03-16 15:59:39] Epoch=0120 Loss=0.6212
[2025-03-16 15:59:42] Epoch=0121 Loss=0.6323
[2025-03-16 15:59:48] Epoch=0122 Loss=0.6368
[2025-03-16 15:59:51] Epoch=0123 Loss=0.6412
[2025-03-16 15:59:54] Epoch=0124 Loss=0.6758
[2025-03-16 15:59:57] Epoch=0125 Loss=0.6574
[2025-03-16 16:00:01] Epoch=0126 Loss=0.6623
[2025-03-16 16:00:04] Epoch=0127 Loss=0.6437
[2025-03-16 16:00:08] Epoch=0128 Loss=0.6235
[2025-03-16 16:00:11] Epoch=0129 Loss=0.6258
[2025-03-16 16:00:14] Epoch=0130 Loss=0.6171
[2025-03-16 16:00:20] Epoch=0131 Loss=0.6109
[2025-03-16 16:00:33] Epoch=0132 Loss=0.6000
[2025-03-16 16:00:37] Epoch=0133 Loss=0.6043
[2025-03-16 16:00:40] Epoch=0134 Loss=0.6028
[2025-03-16 16:00:43] Epoch=0135 Loss=0.5900
[2025-03-16 16:00:46] Epoch=0136 Loss=0.5827
[2025-03-16 16:00:50] Epoch=0137 Loss=0.5849
[2025-03-16 16:00:53] Epoch=0138 Loss=0.5970
[2025-03-16 16:01:02] Epoch=0139 Loss=0.6050
[2025-03-16 16:01:06] Epoch=0140 Loss=0.6006
[2025-03-16 16:01:09] Epoch=0141 Loss=0.6131
[2025-03-16 16:01:13] Epoch=0142 Loss=0.6269
[2025-03-16 16:01:17] Epoch=0143 Loss=0.6098
[2025-03-16 16:01:20] Epoch=0144 Loss=0.6279
[2025-03-16 16:01:23] Epoch=0145 Loss=0.6211
[2025-03-16 16:01:27] Epoch=0146 Loss=0.6213
[2025-03-16 16:01:32] Epoch=0147 Loss=0.5996
[2025-03-16 16:01:36] Epoch=0148 Loss=0.5785
[2025-03-16 16:01:39] Epoch=0149 Loss=0.5769
[2025-03-16 16:01:42] Epoch=0150 Loss=0.5690
[2025-03-16 16:01:47] Epoch=0151 Loss=0.5532
[2025-03-16 16:01:51] Epoch=0152 Loss=0.5630
[2025-03-16 16:01:54] Epoch=0153 Loss=0.5562
[2025-03-16 16:02:01] Epoch=0154 Loss=0.5562
[2025-03-16 16:02:05] Epoch=0155 Loss=0.5562
[2025-03-16 16:02:09] Epoch=0156 Loss=0.5827
[2025-03-16 16:02:36] Epoch=0157 Loss=0.5748
[2025-03-16 16:02:40] Epoch=0158 Loss=0.5728
[2025-03-16 16:02:43] Epoch=0159 Loss=0.5682
[2025-03-16 16:02:46] Epoch=0160 Loss=0.5649
[2025-03-16 16:02:49] Epoch=0161 Loss=0.5688
[2025-03-16 16:02:52] Epoch=0162 Loss=0.5722
[2025-03-16 16:02:56] Epoch=0163 Loss=0.5786
[2025-03-16 16:03:02] Epoch=0164 Loss=0.5871
[2025-03-16 16:03:05] Epoch=0165 Loss=0.5946
[2025-03-16 16:03:11] Epoch=0166 Loss=0.5714
[2025-03-16 16:03:14] Epoch=0167 Loss=0.5820
[2025-03-16 16:03:18] Epoch=0168 Loss=0.5640
[2025-03-16 16:03:22] Epoch=0169 Loss=0.5571
[2025-03-16 16:03:27] Epoch=0170 Loss=0.5628
[2025-03-16 16:03:30] Epoch=0171 Loss=0.5512
[2025-03-16 16:03:33] Epoch=0172 Loss=0.5459
[2025-03-16 16:03:36] Epoch=0173 Loss=0.5368
[2025-03-16 16:03:39] Epoch=0174 Loss=0.5371
[2025-03-16 16:03:43] Epoch=0175 Loss=0.5341
[2025-03-16 16:03:46] Epoch=0176 Loss=0.5382
[2025-03-16 16:03:49] Epoch=0177 Loss=0.5339
[2025-03-16 16:03:53] Epoch=0178 Loss=0.5631
[2025-03-16 16:03:56] Epoch=0179 Loss=0.5559
[2025-03-16 16:04:02] Epoch=0180 Loss=0.5458
[2025-03-16 16:04:05] Epoch=0181 Loss=0.5416
[2025-03-16 16:04:08] Epoch=0182 Loss=0.5518
[2025-03-16 16:04:11] Epoch=0183 Loss=0.5477
[2025-03-16 16:04:15] Epoch=0184 Loss=0.5334
[2025-03-16 16:04:18] Epoch=0185 Loss=0.5207
[2025-03-16 16:04:21] Epoch=0186 Loss=0.5188
[2025-03-16 16:04:29] Epoch=0187 Loss=0.5323
[2025-03-16 16:04:44] Epoch=0188 Loss=0.5476
[2025-03-16 16:04:47] Epoch=0189 Loss=0.5531
[2025-03-16 16:04:50] Epoch=0190 Loss=0.5604
[2025-03-16 16:04:53] Epoch=0191 Loss=0.5230
[2025-03-16 16:04:56] Epoch=0192 Loss=0.5072
[2025-03-16 16:04:59] Epoch=0193 Loss=0.5022
[2025-03-16 16:05:03] Epoch=0194 Loss=0.5019
[2025-03-16 16:05:06] Epoch=0195 Loss=0.5158
[2025-03-16 16:05:11] Epoch=0196 Loss=0.5279
[2025-03-16 16:05:14] Epoch=0197 Loss=0.5575
[2025-03-16 16:05:18] Epoch=0198 Loss=0.5715
[2025-03-16 16:05:21] Epoch=0199 Loss=0.5612
[2025-03-16 16:05:26] Epoch=0200 Loss=0.5291
[2025-03-16 16:05:30] Epoch=0201 Loss=0.5231
[2025-03-16 16:05:33] Epoch=0202 Loss=0.5173
[2025-03-16 16:05:37] Epoch=0203 Loss=0.5114
[2025-03-16 16:05:40] Epoch=0204 Loss=0.5236
[2025-03-16 16:05:44] Epoch=0205 Loss=0.5080
[2025-03-16 16:05:47] Epoch=0206 Loss=0.5063
[2025-03-16 16:05:55] Epoch=0207 Loss=0.4934
[2025-03-16 16:05:59] Epoch=0208 Loss=0.5019
[2025-03-16 16:06:02] Epoch=0209 Loss=0.4988
[2025-03-16 16:06:05] Epoch=0210 Loss=0.4994
[2025-03-16 16:06:10] Epoch=0211 Loss=0.5086
[2025-03-16 16:06:14] Epoch=0212 Loss=0.5092
[2025-03-16 16:06:20] Epoch=0213 Loss=0.4988
[2025-03-16 16:06:29] Epoch=0214 Loss=0.4983
[2025-03-16 16:06:32] Epoch=0215 Loss=0.5109
[2025-03-16 16:06:38] Epoch=0216 Loss=0.5222
[2025-03-16 16:06:41] Epoch=0217 Loss=0.5209
[2025-03-16 16:06:44] Epoch=0218 Loss=0.5075
[2025-03-16 16:06:48] Epoch=0219 Loss=0.4899
[2025-03-16 16:06:51] Epoch=0220 Loss=0.4802
[2025-03-16 16:06:54] Epoch=0221 Loss=0.4752
[2025-03-16 16:06:57] Epoch=0222 Loss=0.4844
[2025-03-16 16:07:08] Epoch=0223 Loss=0.4955
[2025-03-16 16:07:11] Epoch=0224 Loss=0.5097
[2025-03-16 16:07:14] Epoch=0225 Loss=0.5946
[2025-03-16 16:07:17] Epoch=0226 Loss=0.6404
[2025-03-16 16:07:20] Epoch=0227 Loss=0.5863
[2025-03-16 16:07:24] Epoch=0228 Loss=0.5542
[2025-03-16 16:07:27] Epoch=0229 Loss=0.5174
[2025-03-16 16:07:33] Epoch=0230 Loss=0.4888
[2025-03-16 16:07:36] Epoch=0231 Loss=0.4701
[2025-03-16 16:07:39] Epoch=0232 Loss=0.4671
[2025-03-16 16:07:44] Epoch=0233 Loss=0.4576
[2025-03-16 16:07:47] Epoch=0234 Loss=0.4597
[2025-03-16 16:07:50] Epoch=0235 Loss=0.4631
[2025-03-16 16:07:54] Epoch=0236 Loss=0.4709
[2025-03-16 16:07:57] Epoch=0237 Loss=0.4864
[2025-03-16 16:08:00] Epoch=0238 Loss=0.4820
[2025-03-16 16:08:04] Epoch=0239 Loss=0.4817
[2025-03-16 16:08:07] Epoch=0240 Loss=0.4814
[2025-03-16 16:08:10] Epoch=0241 Loss=0.4835
[2025-03-16 16:08:13] Epoch=0242 Loss=0.5081
[2025-03-16 16:08:17] Epoch=0243 Loss=0.5194
[2025-03-16 16:08:24] Epoch=0244 Loss=0.5156
[2025-03-16 16:08:27] Epoch=0245 Loss=0.5193
[2025-03-16 16:08:31] Epoch=0246 Loss=0.5171
[2025-03-16 16:08:35] Epoch=0247 Loss=0.5232
[2025-03-16 16:08:38] Epoch=0248 Loss=0.5317
[2025-03-16 16:08:41] Epoch=0249 Loss=0.5218
[2025-03-16 16:08:44] Epoch=0250 Loss=0.5055
[2025-03-16 16:08:47] Epoch=0251 Loss=0.4875
[2025-03-16 16:08:51] Epoch=0252 Loss=0.4802
[2025-03-16 16:08:55] Epoch=0253 Loss=0.4750
[2025-03-16 16:08:58] Epoch=0254 Loss=0.4713
[2025-03-16 16:09:01] Epoch=0255 Loss=0.4661
[2025-03-16 16:09:04] Epoch=0256 Loss=0.4607
[2025-03-16 16:09:08] Epoch=0257 Loss=0.4595
[2025-03-16 16:09:12] Epoch=0258 Loss=0.4540
[2025-03-16 16:09:15] Epoch=0259 Loss=0.4669
[2025-03-16 16:09:22] Epoch=0260 Loss=0.4560
[2025-03-16 16:09:31] Epoch=0261 Loss=0.4613
[2025-03-16 16:09:34] Epoch=0262 Loss=0.4584
[2025-03-16 16:09:38] Epoch=0263 Loss=0.4665
[2025-03-16 16:09:41] Epoch=0264 Loss=0.4806
[2025-03-16 16:09:45] Epoch=0265 Loss=0.5189
[2025-03-16 16:09:53] Epoch=0266 Loss=0.5276
[2025-03-16 16:09:56] Epoch=0267 Loss=0.5058
[2025-03-16 16:10:00] Epoch=0268 Loss=0.4867
[2025-03-16 16:10:03] Epoch=0269 Loss=0.4877
[2025-03-16 16:10:06] Epoch=0270 Loss=0.4761
[2025-03-16 16:10:09] Epoch=0271 Loss=0.4733
[2025-03-16 16:10:13] Epoch=0272 Loss=0.4738
[2025-03-16 16:10:16] Epoch=0273 Loss=0.4771
[2025-03-16 16:10:19] Epoch=0274 Loss=0.4897
[2025-03-16 16:10:26] Epoch=0275 Loss=0.4701
[2025-03-16 16:10:29] Epoch=0276 Loss=0.4611
[2025-03-16 16:10:37] Epoch=0277 Loss=0.4456
[2025-03-16 16:10:54] Epoch=0278 Loss=0.4458
[2025-03-16 16:12:19] Epoch=0279 Loss=0.4535
[2025-03-16 16:14:19] Epoch=0280 Loss=0.4702
[2025-03-16 16:16:14] Epoch=0281 Loss=0.4528
[2025-03-16 16:18:04] Epoch=0282 Loss=0.4547
[2025-03-16 16:19:48] Epoch=0283 Loss=0.4705
[2025-03-16 16:21:40] Epoch=0284 Loss=0.5022
[2025-03-16 16:23:33] Epoch=0285 Loss=0.4947
[2025-03-16 16:25:26] Epoch=0286 Loss=0.4855
[2025-03-16 16:27:14] Epoch=0287 Loss=0.4927
[2025-03-16 16:29:03] Epoch=0288 Loss=0.4673
[2025-03-16 16:30:50] Epoch=0289 Loss=0.4379
[2025-03-16 16:32:56] Epoch=0290 Loss=0.4299
[2025-03-16 16:34:56] Epoch=0291 Loss=0.4344
[2025-03-16 16:36:45] Epoch=0292 Loss=0.4310
[2025-03-16 16:38:39] Epoch=0293 Loss=0.4267
[2025-03-16 16:40:32] Epoch=0294 Loss=0.4313
[2025-03-16 16:42:24] Epoch=0295 Loss=0.4378
[2025-03-16 16:44:14] Epoch=0296 Loss=0.4376
[2025-03-16 16:46:00] Epoch=0297 Loss=0.4503
[2025-03-16 16:47:47] Epoch=0298 Loss=0.4678
[2025-03-16 16:49:37] Epoch=0299 Loss=0.4657
[2025-03-16 16:51:30] Epoch=0300 Loss=0.4666
[2025-03-16 16:53:17] Epoch=0301 Loss=0.4617
[2025-03-16 16:55:08] Epoch=0302 Loss=0.4795
[2025-03-16 16:57:07] Epoch=0303 Loss=0.4933
[2025-03-16 16:59:15] Epoch=0304 Loss=0.4884
[2025-03-16 17:01:10] Epoch=0305 Loss=0.4912
[2025-03-16 17:03:12] Epoch=0306 Loss=0.5094
[2025-03-16 17:05:06] Epoch=0307 Loss=0.4531
[2025-03-16 17:07:16] Epoch=0308 Loss=0.4525
[2025-03-16 17:09:47] Epoch=0309 Loss=0.4522
[2025-03-16 17:11:49] Epoch=0310 Loss=0.4603
[2025-03-16 17:13:35] Epoch=0311 Loss=0.4915
[2025-03-16 17:15:23] Epoch=0312 Loss=0.4948
[2025-03-16 17:17:11] Epoch=0313 Loss=0.4628
[2025-03-16 17:18:59] Epoch=0314 Loss=0.4423
[2025-03-16 17:20:50] Epoch=0315 Loss=0.4353
[2025-03-16 17:22:38] Epoch=0316 Loss=0.4312
[2025-03-16 17:24:30] Epoch=0317 Loss=0.4540
[2025-03-16 17:26:22] Epoch=0318 Loss=0.4329
[2025-03-16 17:28:14] Epoch=0319 Loss=0.4279
[2025-03-16 17:30:14] Epoch=0320 Loss=0.4521
[2025-03-16 17:32:01] Epoch=0321 Loss=0.4548
[2025-03-16 17:33:55] Epoch=0322 Loss=0.4510
[2025-03-16 17:35:40] Epoch=0323 Loss=0.4605
[2025-03-16 17:37:29] Epoch=0324 Loss=0.4479
[2025-03-16 17:39:17] Epoch=0325 Loss=0.4577
[2025-03-16 17:41:11] Epoch=0326 Loss=0.4652
[2025-03-16 17:43:01] Epoch=0327 Loss=0.4494
[2025-03-16 17:44:52] Epoch=0328 Loss=0.4572
[2025-03-16 17:46:42] Epoch=0329 Loss=0.4668
[2025-03-16 17:48:29] Epoch=0330 Loss=0.4481
[2025-03-16 17:50:19] Epoch=0331 Loss=0.4504
[2025-03-16 17:52:07] Epoch=0332 Loss=0.4350
[2025-03-16 17:54:05] Epoch=0333 Loss=0.4318
[2025-03-16 17:55:51] Epoch=0334 Loss=0.4304
[2025-03-16 17:57:44] Epoch=0335 Loss=0.4191
[2025-03-16 17:59:39] Epoch=0336 Loss=0.4202
[2025-03-16 18:01:25] Epoch=0337 Loss=0.4359
[2025-03-16 18:03:26] Epoch=0338 Loss=0.4401
[2025-03-16 18:05:22] Epoch=0339 Loss=0.4236
[2025-03-16 18:07:14] Epoch=0340 Loss=0.4232
[2025-03-16 18:09:05] Epoch=0341 Loss=0.4305
[2025-03-16 18:10:53] Epoch=0342 Loss=0.4278
[2025-03-16 18:12:38] Epoch=0343 Loss=0.4606
[2025-03-16 18:14:29] Epoch=0344 Loss=0.4540
[2025-03-16 18:16:28] Epoch=0345 Loss=0.4463
[2025-03-16 18:18:21] Epoch=0346 Loss=0.4392
[2025-03-16 18:20:13] Epoch=0347 Loss=0.4222
[2025-03-16 18:22:03] Epoch=0348 Loss=0.4094
[2025-03-16 18:23:53] Epoch=0349 Loss=0.4157
[2025-03-16 18:25:45] Epoch=0350 Loss=0.4107
[2025-03-16 18:27:42] Epoch=0351 Loss=0.4172
[2025-03-16 18:29:30] Epoch=0352 Loss=0.4123
[2025-03-16 18:31:18] Epoch=0353 Loss=0.4225
[2025-03-16 18:33:12] Epoch=0354 Loss=0.4177
[2025-03-16 18:35:11] Epoch=0355 Loss=0.4156
[2025-03-16 18:37:05] Epoch=0356 Loss=0.4195
[2025-03-16 18:38:52] Epoch=0357 Loss=0.4302
[2025-03-16 18:40:40] Epoch=0358 Loss=0.4381
[2025-03-16 18:42:35] Epoch=0359 Loss=0.4444
[2025-03-16 18:44:33] Epoch=0360 Loss=0.4519
[2025-03-16 18:46:25] Epoch=0361 Loss=0.4483
[2025-03-16 18:48:13] Epoch=0362 Loss=0.4383
[2025-03-16 18:50:15] Epoch=0363 Loss=0.4499
[2025-03-16 18:52:13] Epoch=0364 Loss=0.4545
[2025-03-16 18:54:00] Epoch=0365 Loss=0.4545
[2025-03-16 18:55:51] Epoch=0366 Loss=0.4388
[2025-03-16 18:57:49] Epoch=0367 Loss=0.4195
[2025-03-16 18:59:38] Epoch=0368 Loss=0.4322
[2025-03-16 19:01:26] Epoch=0369 Loss=0.4304
[2025-03-16 19:03:25] Epoch=0370 Loss=0.4547
[2025-03-16 19:05:12] Epoch=0371 Loss=0.4450
[2025-03-16 19:07:06] Epoch=0372 Loss=0.4302
[2025-03-16 19:09:06] Epoch=0373 Loss=0.4148
[2025-03-16 19:11:00] Epoch=0374 Loss=0.3995
[2025-03-16 19:12:55] Epoch=0375 Loss=0.3932
[2025-03-16 19:14:48] Epoch=0376 Loss=0.3948
[2025-03-16 19:16:39] Epoch=0377 Loss=0.3971
[2025-03-16 19:18:36] Epoch=0378 Loss=0.3949
[2025-03-16 19:20:31] Epoch=0379 Loss=0.3976
[2025-03-16 19:22:17] Epoch=0380 Loss=0.4022
[2025-03-16 19:24:09] Epoch=0381 Loss=0.4218
[2025-03-16 19:25:58] Epoch=0382 Loss=0.4297
[2025-03-16 19:27:50] Epoch=0383 Loss=0.4384
[2025-03-16 19:29:43] Epoch=0384 Loss=0.4746
[2025-03-16 19:32:03] Epoch=0385 Loss=0.4508
[2025-03-16 19:35:23] Epoch=0386 Loss=0.4423
[2025-03-16 19:37:13] Epoch=0387 Loss=0.4278
[2025-03-16 19:39:00] Epoch=0388 Loss=0.4171
[2025-03-16 19:40:58] Epoch=0389 Loss=0.4133
[2025-03-16 19:42:48] Epoch=0390 Loss=0.4176
[2025-03-16 19:44:38] Epoch=0391 Loss=0.4452
[2025-03-16 19:46:25] Epoch=0392 Loss=0.4234
[2025-03-16 19:48:17] Epoch=0393 Loss=0.4658
[2025-03-16 19:50:15] Epoch=0394 Loss=0.4772
[2025-03-16 19:52:11] Epoch=0395 Loss=0.4432
[2025-03-16 19:54:12] Epoch=0396 Loss=0.4326
[2025-03-16 19:56:00] Epoch=0397 Loss=0.4417
[2025-03-16 19:58:12] Epoch=0398 Loss=0.4473
[2025-03-16 20:00:03] Epoch=0399 Loss=0.4273
[2025-03-16 20:02:04] Epoch=0400 Loss=0.4230
[2025-03-16 20:03:57] Epoch=0401 Loss=0.4145
[2025-03-16 20:05:52] Epoch=0402 Loss=0.3965
[2025-03-16 20:07:40] Epoch=0403 Loss=0.3891
[2025-03-16 20:09:28] Epoch=0404 Loss=0.3927
[2025-03-16 20:11:15] Epoch=0405 Loss=0.3925
[2025-03-16 20:13:04] Epoch=0406 Loss=0.3949
[2025-03-16 20:14:51] Epoch=0407 Loss=0.4042
[2025-03-16 20:16:49] Epoch=0408 Loss=0.4069
[2025-03-16 20:18:48] Epoch=0409 Loss=0.3905
[2025-03-16 20:21:17] Epoch=0410 Loss=0.3868
[2025-03-16 20:23:53] Epoch=0411 Loss=0.3952
[2025-03-16 20:26:28] Epoch=0412 Loss=0.3978
[2025-03-16 20:28:54] Epoch=0413 Loss=0.3976
[2025-03-16 20:31:25] Epoch=0414 Loss=0.4081
[2025-03-16 20:33:48] Epoch=0415 Loss=0.4529
[2025-03-16 20:36:15] Epoch=0416 Loss=0.4603
[2025-03-16 20:38:40] Epoch=0417 Loss=0.4553
[2025-03-16 20:41:02] Epoch=0418 Loss=0.4454
[2025-03-16 20:43:32] Epoch=0419 Loss=0.4283
[2025-03-16 20:45:58] Epoch=0420 Loss=0.4135
[2025-03-16 20:48:28] Epoch=0421 Loss=0.3997
[2025-03-16 20:51:00] Epoch=0422 Loss=0.3849
[2025-03-16 20:53:35] Epoch=0423 Loss=0.3936
[2025-03-16 20:56:10] Epoch=0424 Loss=0.3931
[2025-03-16 20:58:37] Epoch=0425 Loss=0.4188
[2025-03-16 21:01:07] Epoch=0426 Loss=0.4413
[2025-03-16 21:03:36] Epoch=0427 Loss=0.4494
[2025-03-16 21:05:51] Epoch=0428 Loss=0.4375
[2025-03-16 21:08:12] Epoch=0429 Loss=0.4649
[2025-03-16 21:12:06] Epoch=0430 Loss=0.4988
[2025-03-16 21:16:24] Epoch=0431 Loss=0.4296
[2025-03-16 21:20:19] Epoch=0432 Loss=0.4071
[2025-03-16 21:24:22] Epoch=0433 Loss=0.3878
[2025-03-16 21:28:21] Epoch=0434 Loss=0.3792
[2025-03-16 21:32:31] Epoch=0435 Loss=0.3747
[2025-03-16 21:36:35] Epoch=0436 Loss=0.3799
[2025-03-16 21:40:34] Epoch=0437 Loss=0.3869
[2025-03-16 21:44:43] Epoch=0438 Loss=0.3984
[2025-03-16 21:48:49] Epoch=0439 Loss=0.3917
[2025-03-16 21:52:49] Epoch=0440 Loss=0.3873
[2025-03-16 21:56:58] Epoch=0441 Loss=0.3851
[2025-03-16 22:01:08] Epoch=0442 Loss=0.3883
[2025-03-16 22:04:57] Epoch=0443 Loss=0.3847
[2025-03-16 22:08:53] Epoch=0444 Loss=0.3888
[2025-03-16 22:12:43] Epoch=0445 Loss=0.4113
[2025-03-16 22:17:00] Epoch=0446 Loss=0.4027
[2025-03-16 22:20:59] Epoch=0447 Loss=0.3901
[2025-03-16 22:25:05] Epoch=0448 Loss=0.4061
[2025-03-16 22:29:07] Epoch=0449 Loss=0.4232
[2025-03-16 22:33:18] Epoch=0450 Loss=0.4333
[2025-03-16 22:37:17] Epoch=0451 Loss=0.4410
[2025-03-16 22:41:16] Epoch=0452 Loss=0.4245
[2025-03-16 22:45:15] Epoch=0453 Loss=0.4035
[2025-03-16 22:49:14] Epoch=0454 Loss=0.3861
[2025-03-16 22:53:13] Epoch=0455 Loss=0.3942
[2025-03-16 22:57:07] Epoch=0456 Loss=0.3933
[2025-03-16 23:01:14] Epoch=0457 Loss=0.4083
[2025-03-16 23:05:12] Epoch=0458 Loss=0.4057
[2025-03-16 23:09:22] Epoch=0459 Loss=0.4089
[2025-03-16 23:13:24] Epoch=0460 Loss=0.4256
[2025-03-16 23:17:26] Epoch=0461 Loss=0.4100
[2025-03-16 23:21:29] Epoch=0462 Loss=0.4132
[2025-03-16 23:25:33] Epoch=0463 Loss=0.4032
[2025-03-16 23:29:38] Epoch=0464 Loss=0.3954
[2025-03-16 23:33:35] Epoch=0465 Loss=0.3956
[2025-03-16 23:37:40] Epoch=0466 Loss=0.3876
[2025-03-16 23:41:40] Epoch=0467 Loss=0.3826
[2025-03-16 23:45:42] Epoch=0468 Loss=0.3721
[2025-03-16 23:49:51] Epoch=0469 Loss=0.3673
[2025-03-16 23:53:59] Epoch=0470 Loss=0.3711
[2025-03-16 23:57:57] Epoch=0471 Loss=0.3720
[2025-03-17 00:02:04] Epoch=0472 Loss=0.3820
[2025-03-17 00:06:12] Epoch=0473 Loss=0.3912
[2025-03-17 00:10:29] Epoch=0474 Loss=0.3990
[2025-03-17 00:14:32] Epoch=0475 Loss=0.3959
[2025-03-17 00:18:25] Epoch=0476 Loss=0.4040
[2025-03-17 00:22:33] Epoch=0477 Loss=0.4073
[2025-03-17 00:26:29] Epoch=0478 Loss=0.4312
[2025-03-17 00:30:24] Epoch=0479 Loss=0.4162
[2025-03-17 00:34:20] Epoch=0480 Loss=0.4058
[2025-03-17 00:38:25] Epoch=0481 Loss=0.3914
[2025-03-17 00:42:21] Epoch=0482 Loss=0.4014
[2025-03-17 00:46:34] Epoch=0483 Loss=0.4033
[2025-03-17 00:50:34] Epoch=0484 Loss=0.4066
[2025-03-17 00:54:30] Epoch=0485 Loss=0.4108
[2025-03-17 00:58:20] Epoch=0486 Loss=0.4046
[2025-03-17 01:02:25] Epoch=0487 Loss=0.3937
[2025-03-17 01:06:16] Epoch=0488 Loss=0.3986
[2025-03-17 01:10:13] Epoch=0489 Loss=0.3961
[2025-03-17 01:14:35] Epoch=0490 Loss=0.3956
[2025-03-17 01:18:25] Epoch=0491 Loss=0.3823
[2025-03-17 01:22:23] Epoch=0492 Loss=0.3885
[2025-03-17 01:26:30] Epoch=0493 Loss=0.3989
[2025-03-17 01:30:19] Epoch=0494 Loss=0.4043
[2025-03-17 01:33:53] Epoch=0495 Loss=0.3955
[2025-03-17 01:37:57] Epoch=0496 Loss=0.3997
[2025-03-17 01:41:56] Epoch=0497 Loss=0.4009
[2025-03-17 01:46:03] Epoch=0498 Loss=0.3867
[2025-03-17 01:50:13] Epoch=0499 Loss=0.3869
[2025-03-17 01:54:14] Epoch=0500 Loss=0.3721
[2025-03-17 01:58:23] Epoch=0501 Loss=0.3770
[2025-03-17 02:02:35] Epoch=0502 Loss=0.3872
[2025-03-17 02:06:45] Epoch=0503 Loss=0.3821
[2025-03-17 02:10:41] Epoch=0504 Loss=0.3843
[2025-03-17 02:14:48] Epoch=0505 Loss=0.3814
[2025-03-17 02:18:55] Epoch=0506 Loss=0.3888
[2025-03-17 02:22:47] Epoch=0507 Loss=0.3867
[2025-03-17 02:26:54] Epoch=0508 Loss=0.3815
[2025-03-17 02:30:59] Epoch=0509 Loss=0.3748
[2025-03-17 02:35:13] Epoch=0510 Loss=0.3810
[2025-03-17 02:39:19] Epoch=0511 Loss=0.3831
[2025-03-17 02:43:26] Epoch=0512 Loss=0.3925
[2025-03-17 02:47:30] Epoch=0513 Loss=0.3920
[2025-03-17 02:51:35] Epoch=0514 Loss=0.3837
[2025-03-17 02:55:27] Epoch=0515 Loss=0.3836
[2025-03-17 02:59:32] Epoch=0516 Loss=0.3795
[2025-03-17 03:03:48] Epoch=0517 Loss=0.3769
[2025-03-17 03:07:51] Epoch=0518 Loss=0.3843
[2025-03-17 03:12:00] Epoch=0519 Loss=0.3915
[2025-03-17 03:12:00] Training completed.
[2025-03-17 03:12:00] Min train loss: 0.3673 | Epoch: 0468
[2025-03-17 03:12:00] Save to /public/home/Yule1/Desktop/DeepLearning/PPI/cell/data/mdl_ge_128x256_2503161551
[2025-03-17 03:12:00] Save train loss curve to /public/home/Yule1/Desktop/DeepLearning/PPI/cell/data/mdl_ge_128x256_2503161551/loss.pkl
[2025-03-17 03:12:00] Save /public/home/Yule1/Desktop/DeepLearning/PPI/cell/data/mdl_ge_128x256_2503161551/GATembeddings.npy
